Archive member included to satisfy reference by file (symbol)

c:/st/stm32cubeide_1.5.1/stm32cubeide/plugins/com.st.stm32cube.ide.mcu.externaltools.gnu-tools-for-stm32.9-2020-q2-update.win32_1.5.0.202011040924/tools/bin/../lib/gcc/arm-none-eabi/9.3.1/../../../../arm-none-eabi/lib/thumb/v7e-m+fp/hard\libc_nano.a(lib_a-errno.o)
                              Core/Src/syscalls.o (__errno)
c:/st/stm32cubeide_1.5.1/stm32cubeide/plugins/com.st.stm32cube.ide.mcu.externaltools.gnu-tools-for-stm32.9-2020-q2-update.win32_1.5.0.202011040924/tools/bin/../lib/gcc/arm-none-eabi/9.3.1/../../../../arm-none-eabi/lib/thumb/v7e-m+fp/hard\libc_nano.a(lib_a-exit.o)
                              c:/st/stm32cubeide_1.5.1/stm32cubeide/plugins/com.st.stm32cube.ide.mcu.externaltools.gnu-tools-for-stm32.9-2020-q2-update.win32_1.5.0.202011040924/tools/bin/../lib/gcc/arm-none-eabi/9.3.1/../../../../arm-none-eabi/lib/thumb/v7e-m+fp/hard/crt0.o (exit)
c:/st/stm32cubeide_1.5.1/stm32cubeide/plugins/com.st.stm32cube.ide.mcu.externaltools.gnu-tools-for-stm32.9-2020-q2-update.win32_1.5.0.202011040924/tools/bin/../lib/gcc/arm-none-eabi/9.3.1/../../../../arm-none-eabi/lib/thumb/v7e-m+fp/hard\libc_nano.a(lib_a-impure.o)
                              c:/st/stm32cubeide_1.5.1/stm32cubeide/plugins/com.st.stm32cube.ide.mcu.externaltools.gnu-tools-for-stm32.9-2020-q2-update.win32_1.5.0.202011040924/tools/bin/../lib/gcc/arm-none-eabi/9.3.1/../../../../arm-none-eabi/lib/thumb/v7e-m+fp/hard\libc_nano.a(lib_a-exit.o) (_global_impure_ptr)
c:/st/stm32cubeide_1.5.1/stm32cubeide/plugins/com.st.stm32cube.ide.mcu.externaltools.gnu-tools-for-stm32.9-2020-q2-update.win32_1.5.0.202011040924/tools/bin/../lib/gcc/arm-none-eabi/9.3.1/../../../../arm-none-eabi/lib/thumb/v7e-m+fp/hard\libc_nano.a(lib_a-init.o)
                              c:/st/stm32cubeide_1.5.1/stm32cubeide/plugins/com.st.stm32cube.ide.mcu.externaltools.gnu-tools-for-stm32.9-2020-q2-update.win32_1.5.0.202011040924/tools/bin/../lib/gcc/arm-none-eabi/9.3.1/../../../../arm-none-eabi/lib/thumb/v7e-m+fp/hard/crt0.o (__libc_init_array)
c:/st/stm32cubeide_1.5.1/stm32cubeide/plugins/com.st.stm32cube.ide.mcu.externaltools.gnu-tools-for-stm32.9-2020-q2-update.win32_1.5.0.202011040924/tools/bin/../lib/gcc/arm-none-eabi/9.3.1/../../../../arm-none-eabi/lib/thumb/v7e-m+fp/hard\libc_nano.a(lib_a-memcpy-stub.o)
                              Middlewares/Third_Party/FreeRTOS/Source/CMSIS_RTOS_V2/cmsis_os2.o (memcpy)
c:/st/stm32cubeide_1.5.1/stm32cubeide/plugins/com.st.stm32cube.ide.mcu.externaltools.gnu-tools-for-stm32.9-2020-q2-update.win32_1.5.0.202011040924/tools/bin/../lib/gcc/arm-none-eabi/9.3.1/../../../../arm-none-eabi/lib/thumb/v7e-m+fp/hard\libc_nano.a(lib_a-memset.o)
                              c:/st/stm32cubeide_1.5.1/stm32cubeide/plugins/com.st.stm32cube.ide.mcu.externaltools.gnu-tools-for-stm32.9-2020-q2-update.win32_1.5.0.202011040924/tools/bin/../lib/gcc/arm-none-eabi/9.3.1/../../../../arm-none-eabi/lib/thumb/v7e-m+fp/hard/crt0.o (memset)
c:/st/stm32cubeide_1.5.1/stm32cubeide/plugins/com.st.stm32cube.ide.mcu.externaltools.gnu-tools-for-stm32.9-2020-q2-update.win32_1.5.0.202011040924/tools/bin/../lib/gcc/arm-none-eabi/9.3.1/../../../../arm-none-eabi/lib/thumb/v7e-m+fp/hard\libc_nano.a(lib_a-sprintf.o)
                              Core/Src/main.o (sprintf)
c:/st/stm32cubeide_1.5.1/stm32cubeide/plugins/com.st.stm32cube.ide.mcu.externaltools.gnu-tools-for-stm32.9-2020-q2-update.win32_1.5.0.202011040924/tools/bin/../lib/gcc/arm-none-eabi/9.3.1/../../../../arm-none-eabi/lib/thumb/v7e-m+fp/hard\libc_nano.a(lib_a-strlen.o)
                              Core/Src/main.o (strlen)
c:/st/stm32cubeide_1.5.1/stm32cubeide/plugins/com.st.stm32cube.ide.mcu.externaltools.gnu-tools-for-stm32.9-2020-q2-update.win32_1.5.0.202011040924/tools/bin/../lib/gcc/arm-none-eabi/9.3.1/../../../../arm-none-eabi/lib/thumb/v7e-m+fp/hard\libc_nano.a(lib_a-nano-svfprintf.o)
                              c:/st/stm32cubeide_1.5.1/stm32cubeide/plugins/com.st.stm32cube.ide.mcu.externaltools.gnu-tools-for-stm32.9-2020-q2-update.win32_1.5.0.202011040924/tools/bin/../lib/gcc/arm-none-eabi/9.3.1/../../../../arm-none-eabi/lib/thumb/v7e-m+fp/hard\libc_nano.a(lib_a-sprintf.o) (_svfprintf_r)
c:/st/stm32cubeide_1.5.1/stm32cubeide/plugins/com.st.stm32cube.ide.mcu.externaltools.gnu-tools-for-stm32.9-2020-q2-update.win32_1.5.0.202011040924/tools/bin/../lib/gcc/arm-none-eabi/9.3.1/../../../../arm-none-eabi/lib/thumb/v7e-m+fp/hard\libc_nano.a(lib_a-nano-vfprintf_i.o)
                              c:/st/stm32cubeide_1.5.1/stm32cubeide/plugins/com.st.stm32cube.ide.mcu.externaltools.gnu-tools-for-stm32.9-2020-q2-update.win32_1.5.0.202011040924/tools/bin/../lib/gcc/arm-none-eabi/9.3.1/../../../../arm-none-eabi/lib/thumb/v7e-m+fp/hard\libc_nano.a(lib_a-nano-svfprintf.o) (_printf_i)
[...]
Memory Configuration

Name             Origin             Length             Attributes
RAM              0x0000000020000000 0x0000000000020000 xrw
FLASH            0x0000000008000000 0x0000000000080000 xr
*default*        0x0000000000000000 0xffffffffffffffff

Linker script and memory map

LOAD c:/st/stm32cubeide_1.5.1/stm32cubeide/plugins/com.st.stm32cube.ide.mcu.externaltools.gnu-tools-for-stm32.9-2020-q2-update.win32_1.5.0.202011040924/tools/bin/../lib/gcc/arm-none-eabi/9.3.1/thumb/v7e-m+fp/hard/crti.o
LOAD c:/st/stm32cubeide_1.5.1/stm32cubeide/plugins/com.st.stm32cube.ide.mcu.externaltools.gnu-tools-for-stm32.9-2020-q2-update.win32_1.5.0.202011040924/tools/bin/../lib/gcc/arm-none-eabi/9.3.1/thumb/v7e-m+fp/hard/crtbegin.o
LOAD c:/st/stm32cubeide_1.5.1/stm32cubeide/plugins/com.st.stm32cube.ide.mcu.externaltools.gnu-tools-for-stm32.9-2020-q2-update.win32_1.5.0.202011040924/tools/bin/../lib/gcc/arm-none-eabi/9.3.1/../../../../arm-none-eabi/lib/thumb/v7e-m+fp/hard/crt0.o
LOAD Core/Src/freertos.o
LOAD Core/Src/main.o
LOAD Core/Src/morse.o
LOAD Core/Src/stm32f4211e_discovery.o
LOAD Core/Src/stm32f4xx_hal_msp.o
LOAD Core/Src/stm32f4xx_hal_timebase_tim.o
LOAD Core/Src/stm32f4xx_it.o
LOAD Core/Src/syscalls.o
LOAD Core/Src/sysmem.o
LOAD Core/Src/system_stm32f4xx.o
LOAD Core/Startup/startup_stm32f411vetx.o
LOAD Drivers/STM32F4xx_HAL_Driver/Src/stm32f4xx_hal.o
LOAD Drivers/STM32F4xx_HAL_Driver/Src/stm32f4xx_hal_cortex.o
LOAD Drivers/STM32F4xx_HAL_Driver/Src/stm32f4xx_hal_dma.o
LOAD Drivers/STM32F4xx_HAL_Driver/Src/stm32f4xx_hal_dma_ex.o
LOAD Drivers/STM32F4xx_HAL_Driver/Src/stm32f4xx_hal_exti.o
LOAD Drivers/STM32F4xx_HAL_Driver/Src/stm32f4xx_hal_flash.o
LOAD Drivers/STM32F4xx_HAL_Driver/Src/stm32f4xx_hal_flash_ex.o
LOAD Drivers/STM32F4xx_HAL_Driver/Src/stm32f4xx_hal_flash_ramfunc.o
LOAD Drivers/STM32F4xx_HAL_Driver/Src/stm32f4xx_hal_gpio.o
LOAD Drivers/STM32F4xx_HAL_Driver/Src/stm32f4xx_hal_pcd.o
LOAD Drivers/STM32F4xx_HAL_Driver/Src/stm32f4xx_hal_pcd_ex.o
LOAD Drivers/STM32F4xx_HAL_Driver/Src/stm32f4xx_hal_pwr.o
LOAD Drivers/STM32F4xx_HAL_Driver/Src/stm32f4xx_hal_pwr_ex.o
LOAD Drivers/STM32F4xx_HAL_Driver/Src/stm32f4xx_hal_rcc.o
LOAD Drivers/STM32F4xx_HAL_Driver/Src/stm32f4xx_hal_rcc_ex.o
LOAD Drivers/STM32F4xx_HAL_Driver/Src/stm32f4xx_hal_tim.o
LOAD Drivers/STM32F4xx_HAL_Driver/Src/stm32f4xx_hal_tim_ex.o
LOAD Drivers/STM32F4xx_HAL_Driver/Src/stm32f4xx_hal_uart.o
LOAD Drivers/STM32F4xx_HAL_Driver/Src/stm32f4xx_ll_usb.o
LOAD Middlewares/ST/STM32_USB_Device_Library/Class/CDC/Src/usbd_cdc.o
LOAD Middlewares/ST/STM32_USB_Device_Library/Core/Src/usbd_core.o
LOAD Middlewares/ST/STM32_USB_Device_Library/Core/Src/usbd_ctlreq.o
LOAD Middlewares/ST/STM32_USB_Device_Library/Core/Src/usbd_ioreq.o
LOAD Middlewares/Third_Party/FreeRTOS/Source/CMSIS_RTOS_V2/cmsis_os2.o
LOAD Middlewares/Third_Party/FreeRTOS/Source/croutine.o
LOAD Middlewares/Third_Party/FreeRTOS/Source/event_groups.o
LOAD Middlewares/Third_Party/FreeRTOS/Source/list.o
LOAD Middlewares/Third_Party/FreeRTOS/Source/queue.o
LOAD Middlewares/Third_Party/FreeRTOS/Source/stream_buffer.o
LOAD Middlewares/Third_Party/FreeRTOS/Source/tasks.o
LOAD Middlewares/Third_Party/FreeRTOS/Source/timers.o
LOAD Middlewares/Third_Party/FreeRTOS/Source/portable/GCC/ARM_CM4F/port.o
LOAD Middlewares/Third_Party/FreeRTOS/Source/portable/MemMang/heap_4.o
LOAD USB_DEVICE/App/usb_device.o
LOAD USB_DEVICE/App/usbd_cdc_if.o
LOAD USB_DEVICE/App/usbd_desc.o
LOAD USB_DEVICE/Target/usbd_conf.o
START GROUP
LOAD c:/st/stm32cubeide_1.5.1/stm32cubeide/plugins/com.st.stm32cube.ide.mcu.externaltools.gnu-tools-for-stm32.9-2020-q2-update.win32_1.5.0.202011040924/tools/bin/../lib/gcc/arm-none-eabi/9.3.1/../../../../arm-none-eabi/lib/thumb/v7e-m+fp/hard\libc_nano.a
LOAD c:/st/stm32cubeide_1.5.1/stm32cubeide/plugins/com.st.stm32cube.ide.mcu.externaltools.gnu-tools-for-stm32.9-2020-q2-update.win32_1.5.0.202011040924/tools/bin/../lib/gcc/arm-none-eabi/9.3.1/../../../../arm-none-eabi/lib/thumb/v7e-m+fp/hard\libm.a
END GROUP
START GROUP
LOAD c:/st/stm32cubeide_1.5.1/stm32cubeide/plugins/com.st.stm32cube.ide.mcu.externaltools.gnu-tools-for-stm32.9-2020-q2-update.win32_1.5.0.202011040924/tools/bin/../lib/gcc/arm-none-eabi/9.3.1/thumb/v7e-m+fp/hard\libgcc.a
LOAD c:/st/stm32cubeide_1.5.1/stm32cubeide/plugins/com.st.stm32cube.ide.mcu.externaltools.gnu-tools-for-stm32.9-2020-q2-update.win32_1.5.0.202011040924/tools/bin/../lib/gcc/arm-none-eabi/9.3.1/../../../../arm-none-eabi/lib/thumb/v7e-m+fp/hard\libc_nano.a
END GROUP
START GROUP
LOAD c:/st/stm32cubeide_1.5.1/stm32cubeide/plugins/com.st.stm32cube.ide.mcu.externaltools.gnu-tools-for-stm32.9-2020-q2-update.win32_1.5.0.202011040924/tools/bin/../lib/gcc/arm-none-eabi/9.3.1/thumb/v7e-m+fp/hard\libgcc.a
LOAD c:/st/stm32cubeide_1.5.1/stm32cubeide/plugins/com.st.stm32cube.ide.mcu.externaltools.gnu-tools-for-stm32.9-2020-q2-update.win32_1.5.0.202011040924/tools/bin/../lib/gcc/arm-none-eabi/9.3.1/../../../../arm-none-eabi/lib/thumb/v7e-m+fp/hard\libc_nano.a
LOAD c:/st/stm32cubeide_1.5.1/stm32cubeide/plugins/com.st.stm32cube.ide.mcu.externaltools.gnu-tools-for-stm32.9-2020-q2-update.win32_1.5.0.202011040924/tools/bin/../lib/gcc/arm-none-eabi/9.3.1/../../../../arm-none-eabi/lib/thumb/v7e-m+fp/hard\libnosys.a
END GROUP
START GROUP
LOAD c:/st/stm32cubeide_1.5.1/stm32cubeide/plugins/com.st.stm32cube.ide.mcu.externaltools.gnu-tools-for-stm32.9-2020-q2-update.win32_1.5.0.202011040924/tools/bin/../lib/gcc/arm-none-eabi/9.3.1/thumb/v7e-m+fp/hard\libgcc.a
LOAD c:/st/stm32cubeide_1.5.1/stm32cubeide/plugins/com.st.stm32cube.ide.mcu.externaltools.gnu-tools-for-stm32.9-2020-q2-update.win32_1.5.0.202011040924/tools/bin/../lib/gcc/arm-none-eabi/9.3.1/../../../../arm-none-eabi/lib/thumb/v7e-m+fp/hard\libc_nano.a
LOAD c:/st/stm32cubeide_1.5.1/stm32cubeide/plugins/com.st.stm32cube.ide.mcu.externaltools.gnu-tools-for-stm32.9-2020-q2-update.win32_1.5.0.202011040924/tools/bin/../lib/gcc/arm-none-eabi/9.3.1/../../../../arm-none-eabi/lib/thumb/v7e-m+fp/hard\libnosys.a
END GROUP
LOAD c:/st/stm32cubeide_1.5.1/stm32cubeide/plugins/com.st.stm32cube.ide.mcu.externaltools.gnu-tools-for-stm32.9-2020-q2-update.win32_1.5.0.202011040924/tools/bin/../lib/gcc/arm-none-eabi/9.3.1/thumb/v7e-m+fp/hard/crtend.o
LOAD c:/st/stm32cubeide_1.5.1/stm32cubeide/plugins/com.st.stm32cube.ide.mcu.externaltools.gnu-tools-for-stm32.9-2020-q2-update.win32_1.5.0.202011040924/tools/bin/../lib/gcc/arm-none-eabi/9.3.1/thumb/v7e-m+fp/hard/crtn.o
                0x0000000020020000                _estack = (ORIGIN (RAM) + LENGTH (RAM))
                0x0000000000000200                _Min_Heap_Size = 0x200
                0x0000000000000400                _Min_Stack_Size = 0x400

.isr_vector     0x0000000008000000      0x198
                0x0000000008000000                . = ALIGN (0x4)
 *(.isr_vector)
 .isr_vector    0x0000000008000000      0x198 Core/Startup/startup_stm32f411vetx.o
                0x0000000008000000                g_pfnVectors
                0x0000000008000198                . = ALIGN (0x4)

.text           0x00000000080001a0     0xb364
                0x00000000080001a0                . = ALIGN (0x4)
 *(.text)
 .text          0x00000000080001a0       0x40 c:/st/stm32cubeide_1.5.1/stm32cubeide/plugins/com.st.stm32cube.ide.mcu.externaltools.gnu-tools-for-stm32.9-2020-q2-update.win32_1.5.0.202011040924/tools/bin/../lib/gcc/arm-none-eabi/9.3.1/thumb/v7e-m+fp/hard/crtbegin.o
 .text          0x00000000080001e0       0x10 c:/st/stm32cubeide_1.5.1/stm32cubeide/plugins/com.st.stm32cube.ide.mcu.externaltools.gnu-tools-for-stm32.9-2020-q2-update.win32_1.5.0.202011040924/tools/bin/../lib/gcc/arm-none-eabi/9.3.1/../../../../arm-none-eabi/lib/thumb/v7e-m+fp/hard\libc_nano.a(lib_a-strlen.o)
                0x00000000080001e0                strlen
 .text          0x00000000080001f0       0xa0 c:/st/stm32cubeide_1.5.1/stm32cubeide/plugins/com.st.stm32cube.ide.mcu.externaltools.gnu-tools-for-stm32.9-2020-q2-update.win32_1.5.0.202011040924/tools/bin/../lib/gcc/arm-none-eabi/9.3.1/../../../../arm-none-eabi/lib/thumb/v7e-m+fp/hard\libc_nano.a(lib_a-memchr.o)
                0x00000000080001f0                memchr
 .text          0x0000000008000290       0x30 c:/st/stm32cubeide_1.5.1/stm32cubeide/plugins/com.st.stm32cube.ide.mcu.externaltools.gnu-tools-for-stm32.9-2020-q2-update.win32_1.5.0.202011040924/tools/bin/../lib/gcc/arm-none-eabi/9.3.1/thumb/v7e-m+fp/hard\libgcc.a(_aeabi_uldivmod.o)
                0x0000000008000290                __aeabi_uldivmod
 .text          0x00000000080002c0      0x2c4 c:/st/stm32cubeide_1.5.1/stm32cubeide/plugins/com.st.stm32cube.ide.mcu.externaltools.gnu-tools-for-stm32.9-2020-q2-update.win32_1.5.0.202011040924/tools/bin/../lib/gcc/arm-none-eabi/9.3.1/thumb/v7e-m+fp/hard\libgcc.a(_udivmoddi4.o)
                0x00000000080002c0                __udivmoddi4
 .text          0x0000000008000584        0x4 c:/st/stm32cubeide_1.5.1/stm32cubeide/plugins/com.st.stm32cube.ide.mcu.externaltools.gnu-tools-for-stm32.9-2020-q2-update.win32_1.5.0.202011040924/tools/bin/../lib/gcc/arm-none-eabi/9.3.1/thumb/v7e-m+fp/hard\libgcc.a(_dvmd_tls.o)
                0x0000000008000584                __aeabi_idiv0
                0x0000000008000584                __aeabi_ldiv0
 *(.text*)
 .text.main     0x0000000008000588      0x10c Core/Src/main.o
                0x0000000008000588                main
 .text.ledMorseCode
                0x0000000008000694       0x26 Core/Src/main.o
                0x0000000008000694                ledMorseCode
 *fill*         0x00000000080006ba        0x2 
 .text.UARTTask
                0x00000000080006bc       0xc4 Core/Src/main.o
                0x00000000080006bc                UARTTask
 .text.SystemClock_Config
                0x0000000008000780       0xd0 Core/Src/main.o
                0x0000000008000780                SystemClock_Config
 .text.MX_USART1_UART_Init
                0x0000000008000850       0x54 Core/Src/main.o
 .text.MX_GPIO_Init
                0x00000000080008a4      0x294 Core/Src/main.o
 .text.UART_transmit
                0x0000000008000b38       0x28 Core/Src/main.o
                0x0000000008000b38                UART_transmit
 .text.StartDefaultTask
                0x0000000008000b60      0x1b8 Core/Src/main.o
                0x0000000008000b60                StartDefaultTask
 .text.StartTask02
                0x0000000008000d18       0xe4 Core/Src/main.o
                0x0000000008000d18                StartTask02
 .text.StartTask03
                0x0000000008000dfc      0x294 Core/Src/main.o
                0x0000000008000dfc                StartTask03
 .text.StartTask04
                0x0000000008001090      0x148 Core/Src/main.o
                0x0000000008001090                StartTask04
 .text.HAL_TIM_PeriodElapsedCallback
                0x00000000080011d8       0x24 Core/Src/main.o
                0x00000000080011d8                HAL_TIM_PeriodElapsedCallback
 .text.Error_Handler
                0x00000000080011fc        0xa Core/Src/main.o
                0x00000000080011fc                Error_Handler
 *fill*         0x0000000008001206        0x2 
 .text.flash_morse_code
                0x0000000008001208       0x4c Core/Src/morse.o
                0x0000000008001208                flash_morse_code
 .text.flash_dot_or_dash
                0x0000000008001254       0x50 Core/Src/morse.o
                0x0000000008001254                flash_dot_or_dash
 .text.BSP_LED_Init
                0x00000000080012a4       0xf0 Core/Src/stm32f4211e_discovery.o
                0x00000000080012a4                BSP_LED_Init
 .text.BSP_LED_On
                0x0000000008001394       0x34 Core/Src/stm32f4211e_discovery.o
                0x0000000008001394                BSP_LED_On
 .text.BSP_LED_Off
                0x00000000080013c8       0x34 Core/Src/stm32f4211e_discovery.o
                0x00000000080013c8                BSP_LED_Off
 .text.HAL_MspInit
                0x00000000080013fc       0x58 Core/Src/stm32f4xx_hal_msp.o
                0x00000000080013fc                HAL_MspInit
 .text.HAL_UART_MspInit
                0x0000000008001454       0xd0 Core/Src/stm32f4xx_hal_msp.o
                0x0000000008001454                HAL_UART_MspInit
 .text.HAL_InitTick
                0x0000000008001524       0xb0 Core/Src/stm32f4xx_hal_timebase_tim.o
                0x0000000008001524                HAL_InitTick
 .text.NMI_Handler
                0x00000000080015d4        0x6 Core/Src/stm32f4xx_it.o
                0x00000000080015d4                NMI_Handler
 .text.HardFault_Handler
                0x00000000080015da        0x6 Core/Src/stm32f4xx_it.o
                0x00000000080015da                HardFault_Handler
 .text.MemManage_Handler
                0x00000000080015e0        0x6 Core/Src/stm32f4xx_it.o
                0x00000000080015e0                MemManage_Handler
 .text.BusFault_Handler
                0x00000000080015e6        0x6 Core/Src/stm32f4xx_it.o
                0x00000000080015e6                BusFault_Handler
 .text.UsageFault_Handler
                0x00000000080015ec        0x6 Core/Src/stm32f4xx_it.o
                0x00000000080015ec                UsageFault_Handler
 .text.DebugMon_Handler
                0x00000000080015f2        0xe Core/Src/stm32f4xx_it.o
                0x00000000080015f2                DebugMon_Handler
 .text.EXTI0_IRQHandler
                0x0000000008001600        0xe Core/Src/stm32f4xx_it.o
                0x0000000008001600                EXTI0_IRQHandler
 *fill*         0x000000000800160e        0x2 
 .text.TIM1_TRG_COM_TIM11_IRQHandler
                0x0000000008001610       0x14 Core/Src/stm32f4xx_it.o
                0x0000000008001610                TIM1_TRG_COM_TIM11_IRQHandler
 .text.OTG_FS_IRQHandler
                0x0000000008001624       0x14 Core/Src/stm32f4xx_it.o
                0x0000000008001624                OTG_FS_IRQHandler
 .text._sbrk    0x0000000008001638       0x6c Core/Src/sysmem.o
                0x0000000008001638                _sbrk
 .text.SystemInit
                0x00000000080016a4       0x2c Core/Src/system_stm32f4xx.o
                0x00000000080016a4                SystemInit
 .text.Reset_Handler
                0x00000000080016d0       0x50 Core/Startup/startup_stm32f411vetx.o
                0x00000000080016d0                Reset_Handler
 .text.Default_Handler
                0x0000000008001720        0x2 Core/Startup/startup_stm32f411vetx.o
                0x0000000008001720                RTC_Alarm_IRQHandler
                0x0000000008001720                EXTI2_IRQHandler
                0x0000000008001720                SPI4_IRQHandler
                0x0000000008001720                TIM1_CC_IRQHandler
                0x0000000008001720                DMA2_Stream5_IRQHandler
                0x0000000008001720                DMA1_Stream5_IRQHandler
                0x0000000008001720                PVD_IRQHandler
                0x0000000008001720                SDIO_IRQHandler
                0x0000000008001720                TAMP_STAMP_IRQHandler
                0x0000000008001720                EXTI3_IRQHandler
                0x0000000008001720                TIM1_UP_TIM10_IRQHandler
                0x0000000008001720                I2C3_ER_IRQHandler
                0x0000000008001720                I2C2_EV_IRQHandler
                0x0000000008001720                DMA1_Stream2_IRQHandler
                0x0000000008001720                FPU_IRQHandler
                0x0000000008001720                DMA2_Stream2_IRQHandler
                0x0000000008001720                SPI1_IRQHandler
                0x0000000008001720                TIM1_BRK_TIM9_IRQHandler
                0x0000000008001720                DMA2_Stream3_IRQHandler
                0x0000000008001720                USART6_IRQHandler
                0x0000000008001720                DMA2_Stream0_IRQHandler
                0x0000000008001720                TIM4_IRQHandler
                0x0000000008001720                I2C1_EV_IRQHandler
                0x0000000008001720                DMA1_Stream6_IRQHandler
                0x0000000008001720                DMA1_Stream1_IRQHandler
                0x0000000008001720                TIM3_IRQHandler
                0x0000000008001720                RCC_IRQHandler
                0x0000000008001720                Default_Handler
                0x0000000008001720                EXTI15_10_IRQHandler
                0x0000000008001720                ADC_IRQHandler
                0x0000000008001720                DMA1_Stream7_IRQHandler
                0x0000000008001720                SPI5_IRQHandler
                0x0000000008001720                TIM5_IRQHandler
                0x0000000008001720                DMA2_Stream7_IRQHandler
                0x0000000008001720                I2C3_EV_IRQHandler
                0x0000000008001720                EXTI9_5_IRQHandler
                0x0000000008001720                RTC_WKUP_IRQHandler
                0x0000000008001720                SPI2_IRQHandler
                0x0000000008001720                DMA1_Stream0_IRQHandler
                0x0000000008001720                EXTI4_IRQHandler
                0x0000000008001720                WWDG_IRQHandler
                0x0000000008001720                TIM2_IRQHandler
                0x0000000008001720                OTG_FS_WKUP_IRQHandler
                0x0000000008001720                EXTI1_IRQHandler
                0x0000000008001720                USART2_IRQHandler
                0x0000000008001720                I2C2_ER_IRQHandler
                0x0000000008001720                DMA2_Stream1_IRQHandler
                0x0000000008001720                FLASH_IRQHandler
                0x0000000008001720                DMA2_Stream4_IRQHandler
                0x0000000008001720                USART1_IRQHandler
                0x0000000008001720                SPI3_IRQHandler
                0x0000000008001720                DMA1_Stream4_IRQHandler
                0x0000000008001720                I2C1_ER_IRQHandler
                0x0000000008001720                DMA2_Stream6_IRQHandler
                0x0000000008001720                DMA1_Stream3_IRQHandler
 *fill*         0x0000000008001722        0x2 
 .text.HAL_Init
                0x0000000008001724       0x44 Drivers/STM32F4xx_HAL_Driver/Src/stm32f4xx_hal.o
                0x0000000008001724                HAL_Init
 .text.HAL_IncTick
                0x0000000008001768       0x28 Drivers/STM32F4xx_HAL_Driver/Src/stm32f4xx_hal.o
                0x0000000008001768                HAL_IncTick
 .text.HAL_GetTick
                0x0000000008001790       0x18 Drivers/STM32F4xx_HAL_Driver/Src/stm32f4xx_hal.o
                0x0000000008001790                HAL_GetTick
 .text.HAL_Delay
                0x00000000080017a8       0x48 Drivers/STM32F4xx_HAL_Driver/Src/stm32f4xx_hal.o
                0x00000000080017a8                HAL_Delay
 .text.__NVIC_SetPriorityGrouping
                0x00000000080017f0       0x48 Drivers/STM32F4xx_HAL_Driver/Src/stm32f4xx_hal_cortex.o
 .text.__NVIC_GetPriorityGrouping
                0x0000000008001838       0x1c Drivers/STM32F4xx_HAL_Driver/Src/stm32f4xx_hal_cortex.o
 .text.__NVIC_EnableIRQ
                0x0000000008001854       0x3c Drivers/STM32F4xx_HAL_Driver/Src/stm32f4xx_hal_cortex.o
 .text.__NVIC_SetPriority
                0x0000000008001890       0x54 Drivers/STM32F4xx_HAL_Driver/Src/stm32f4xx_hal_cortex.o
 .text.NVIC_EncodePriority
                0x00000000080018e4       0x66 Drivers/STM32F4xx_HAL_Driver/Src/stm32f4xx_hal_cortex.o
 .text.HAL_NVIC_SetPriorityGrouping
                0x000000000800194a       0x16 Drivers/STM32F4xx_HAL_Driver/Src/stm32f4xx_hal_cortex.o
                0x000000000800194a                HAL_NVIC_SetPriorityGrouping
 .text.HAL_NVIC_SetPriority
                0x0000000008001960       0x38 Drivers/STM32F4xx_HAL_Driver/Src/stm32f4xx_hal_cortex.o
                0x0000000008001960                HAL_NVIC_SetPriority
 .text.HAL_NVIC_EnableIRQ
                0x0000000008001998       0x1c Drivers/STM32F4xx_HAL_Driver/Src/stm32f4xx_hal_cortex.o
                0x0000000008001998                HAL_NVIC_EnableIRQ
 .text.HAL_GPIO_Init
                0x00000000080019b4      0x308 Drivers/STM32F4xx_HAL_Driver/Src/stm32f4xx_hal_gpio.o
                0x00000000080019b4                HAL_GPIO_Init
 .text.HAL_GPIO_ReadPin
                0x0000000008001cbc       0x30 Drivers/STM32F4xx_HAL_Driver/Src/stm32f4xx_hal_gpio.o
                0x0000000008001cbc                HAL_GPIO_ReadPin
 .text.HAL_GPIO_WritePin
                0x0000000008001cec       0x32 Drivers/STM32F4xx_HAL_Driver/Src/stm32f4xx_hal_gpio.o
                0x0000000008001cec                HAL_GPIO_WritePin
 *fill*         0x0000000008001d1e        0x2 
 .text.HAL_GPIO_EXTI_IRQHandler
                0x0000000008001d20       0x30 Drivers/STM32F4xx_HAL_Driver/Src/stm32f4xx_hal_gpio.o
                0x0000000008001d20                HAL_GPIO_EXTI_IRQHandler
 .text.HAL_GPIO_EXTI_Callback
                0x0000000008001d50       0x16 Drivers/STM32F4xx_HAL_Driver/Src/stm32f4xx_hal_gpio.o
                0x0000000008001d50                HAL_GPIO_EXTI_Callback
 .text.HAL_PCD_Init
                0x0000000008001d66      0x23a Drivers/STM32F4xx_HAL_Driver/Src/stm32f4xx_hal_pcd.o
                0x0000000008001d66                HAL_PCD_Init
 .text.HAL_PCD_Start
                0x0000000008001fa0       0x66 Drivers/STM32F4xx_HAL_Driver/Src/stm32f4xx_hal_pcd.o
                0x0000000008001fa0                HAL_PCD_Start
 .text.HAL_PCD_IRQHandler
                0x0000000008002006      0x764 Drivers/STM32F4xx_HAL_Driver/Src/stm32f4xx_hal_pcd.o
                0x0000000008002006                HAL_PCD_IRQHandler
 .text.HAL_PCD_SetAddress
                0x000000000800276a       0x4a Drivers/STM32F4xx_HAL_Driver/Src/stm32f4xx_hal_pcd.o
                0x000000000800276a                HAL_PCD_SetAddress
 .text.HAL_PCD_EP_Open
                0x00000000080027b4       0xd0 Drivers/STM32F4xx_HAL_Driver/Src/stm32f4xx_hal_pcd.o
                0x00000000080027b4                HAL_PCD_EP_Open
 .text.HAL_PCD_EP_Close
                0x0000000008002884       0x94 Drivers/STM32F4xx_HAL_Driver/Src/stm32f4xx_hal_pcd.o
                0x0000000008002884                HAL_PCD_EP_Close
 .text.HAL_PCD_EP_Receive
                0x0000000008002918       0x96 Drivers/STM32F4xx_HAL_Driver/Src/stm32f4xx_hal_pcd.o
                0x0000000008002918                HAL_PCD_EP_Receive
 .text.HAL_PCD_EP_GetRxCount
                0x00000000080029ae       0x30 Drivers/STM32F4xx_HAL_Driver/Src/stm32f4xx_hal_pcd.o
                0x00000000080029ae                HAL_PCD_EP_GetRxCount
 .text.HAL_PCD_EP_Transmit
                0x00000000080029de       0x94 Drivers/STM32F4xx_HAL_Driver/Src/stm32f4xx_hal_pcd.o
                0x00000000080029de                HAL_PCD_EP_Transmit
 .text.HAL_PCD_EP_SetStall
                0x0000000008002a72       0xc8 Drivers/STM32F4xx_HAL_Driver/Src/stm32f4xx_hal_pcd.o
                0x0000000008002a72                HAL_PCD_EP_SetStall
 .text.HAL_PCD_EP_ClrStall
                0x0000000008002b3a       0xac Drivers/STM32F4xx_HAL_Driver/Src/stm32f4xx_hal_pcd.o
                0x0000000008002b3a                HAL_PCD_EP_ClrStall
 .text.PCD_WriteEmptyTxFifo
                0x0000000008002be6      0x11a Drivers/STM32F4xx_HAL_Driver/Src/stm32f4xx_hal_pcd.o
 .text.PCD_EP_OutXfrComplete_int
                0x0000000008002d00      0x218 Drivers/STM32F4xx_HAL_Driver/Src/stm32f4xx_hal_pcd.o
 .text.PCD_EP_OutSetupPacket_int
                0x0000000008002f18       0x8c Drivers/STM32F4xx_HAL_Driver/Src/stm32f4xx_hal_pcd.o
 .text.HAL_PCDEx_SetTxFiFo
                0x0000000008002fa4       0x8e Drivers/STM32F4xx_HAL_Driver/Src/stm32f4xx_hal_pcd_ex.o
                0x0000000008002fa4                HAL_PCDEx_SetTxFiFo
 .text.HAL_PCDEx_SetRxFiFo
                0x0000000008003032       0x22 Drivers/STM32F4xx_HAL_Driver/Src/stm32f4xx_hal_pcd_ex.o
                0x0000000008003032                HAL_PCDEx_SetRxFiFo
 .text.HAL_PCDEx_LPM_Callback
                0x0000000008003054       0x18 Drivers/STM32F4xx_HAL_Driver/Src/stm32f4xx_hal_pcd_ex.o
                0x0000000008003054                HAL_PCDEx_LPM_Callback
 .text.HAL_RCC_OscConfig
                0x000000000800306c      0x4f0 Drivers/STM32F4xx_HAL_Driver/Src/stm32f4xx_hal_rcc.o
                0x000000000800306c                HAL_RCC_OscConfig
 .text.HAL_RCC_ClockConfig
                0x000000000800355c      0x1cc Drivers/STM32F4xx_HAL_Driver/Src/stm32f4xx_hal_rcc.o
                0x000000000800355c                HAL_RCC_ClockConfig
 .text.HAL_RCC_GetSysClockFreq
                0x0000000008003728      0x1c4 Drivers/STM32F4xx_HAL_Driver/Src/stm32f4xx_hal_rcc.o
                0x0000000008003728                HAL_RCC_GetSysClockFreq
 .text.HAL_RCC_GetHCLKFreq
                0x00000000080038ec       0x18 Drivers/STM32F4xx_HAL_Driver/Src/stm32f4xx_hal_rcc.o
                0x00000000080038ec                HAL_RCC_GetHCLKFreq
 .text.HAL_RCC_GetPCLK1Freq
                0x0000000008003904       0x28 Drivers/STM32F4xx_HAL_Driver/Src/stm32f4xx_hal_rcc.o
                0x0000000008003904                HAL_RCC_GetPCLK1Freq
 .text.HAL_RCC_GetPCLK2Freq
                0x000000000800392c       0x28 Drivers/STM32F4xx_HAL_Driver/Src/stm32f4xx_hal_rcc.o
                0x000000000800392c                HAL_RCC_GetPCLK2Freq
 .text.HAL_RCC_GetClockConfig
                0x0000000008003954       0x64 Drivers/STM32F4xx_HAL_Driver/Src/stm32f4xx_hal_rcc.o
                0x0000000008003954                HAL_RCC_GetClockConfig
 .text.HAL_TIM_Base_Init
                0x00000000080039b8       0x9e Drivers/STM32F4xx_HAL_Driver/Src/stm32f4xx_hal_tim.o
                0x00000000080039b8                HAL_TIM_Base_Init
 .text.HAL_TIM_Base_MspInit
                0x0000000008003a56       0x14 Drivers/STM32F4xx_HAL_Driver/Src/stm32f4xx_hal_tim.o
                0x0000000008003a56                HAL_TIM_Base_MspInit
 *fill*         0x0000000008003a6a        0x2 
 .text.HAL_TIM_Base_Start_IT
                0x0000000008003a6c       0xc4 Drivers/STM32F4xx_HAL_Driver/Src/stm32f4xx_hal_tim.o
                0x0000000008003a6c                HAL_TIM_Base_Start_IT
 .text.HAL_TIM_IRQHandler
                0x0000000008003b30      0x210 Drivers/STM32F4xx_HAL_Driver/Src/stm32f4xx_hal_tim.o
                0x0000000008003b30                HAL_TIM_IRQHandler
 .text.HAL_TIM_OC_DelayElapsedCallback
                0x0000000008003d40       0x14 Drivers/STM32F4xx_HAL_Driver/Src/stm32f4xx_hal_tim.o
                0x0000000008003d40                HAL_TIM_OC_DelayElapsedCallback
 .text.HAL_TIM_IC_CaptureCallback
                0x0000000008003d54       0x14 Drivers/STM32F4xx_HAL_Driver/Src/stm32f4xx_hal_tim.o
                0x0000000008003d54                HAL_TIM_IC_CaptureCallback
 .text.HAL_TIM_PWM_PulseFinishedCallback
                0x0000000008003d68       0x14 Drivers/STM32F4xx_HAL_Driver/Src/stm32f4xx_hal_tim.o
                0x0000000008003d68                HAL_TIM_PWM_PulseFinishedCallback
 .text.HAL_TIM_TriggerCallback
                0x0000000008003d7c       0x14 Drivers/STM32F4xx_HAL_Driver/Src/stm32f4xx_hal_tim.o
                0x0000000008003d7c                HAL_TIM_TriggerCallback
 .text.TIM_Base_SetConfig
                0x0000000008003d90      0x100 Drivers/STM32F4xx_HAL_Driver/Src/stm32f4xx_hal_tim.o
                0x0000000008003d90                TIM_Base_SetConfig
 .text.HAL_TIMEx_CommutCallback
                0x0000000008003e90       0x14 Drivers/STM32F4xx_HAL_Driver/Src/stm32f4xx_hal_tim_ex.o
                0x0000000008003e90                HAL_TIMEx_CommutCallback
 .text.HAL_TIMEx_BreakCallback
                0x0000000008003ea4       0x14 Drivers/STM32F4xx_HAL_Driver/Src/stm32f4xx_hal_tim_ex.o
                0x0000000008003ea4                HAL_TIMEx_BreakCallback
 .text.HAL_UART_Init
                0x0000000008003eb8       0x9a Drivers/STM32F4xx_HAL_Driver/Src/stm32f4xx_hal_uart.o
                0x0000000008003eb8                HAL_UART_Init
 .text.HAL_UART_Transmit
                0x0000000008003f52      0x124 Drivers/STM32F4xx_HAL_Driver/Src/stm32f4xx_hal_uart.o
                0x0000000008003f52                HAL_UART_Transmit
 .text.HAL_UART_Receive
                0x0000000008004076      0x144 Drivers/STM32F4xx_HAL_Driver/Src/stm32f4xx_hal_uart.o
                0x0000000008004076                HAL_UART_Receive
 .text.UART_WaitOnFlagUntilTimeout
                0x00000000080041ba       0x94 Drivers/STM32F4xx_HAL_Driver/Src/stm32f4xx_hal_uart.o
 *fill*         0x000000000800424e        0x2 
 .text.UART_SetConfig
                0x0000000008004250      0x390 Drivers/STM32F4xx_HAL_Driver/Src/stm32f4xx_hal_uart.o
 .text.USB_CoreInit
                0x00000000080045e0       0xc2 Drivers/STM32F4xx_HAL_Driver/Src/stm32f4xx_ll_usb.o
                0x00000000080045e0                USB_CoreInit
 *fill*         0x00000000080046a2        0x2 
 .text.USB_SetTurnaroundTime
                0x00000000080046a4      0x144 Drivers/STM32F4xx_HAL_Driver/Src/stm32f4xx_ll_usb.o
                0x00000000080046a4                USB_SetTurnaroundTime
 .text.USB_EnableGlobalInt
                0x00000000080047e8       0x22 Drivers/STM32F4xx_HAL_Driver/Src/stm32f4xx_ll_usb.o
                0x00000000080047e8                USB_EnableGlobalInt
 .text.USB_DisableGlobalInt
                0x000000000800480a       0x22 Drivers/STM32F4xx_HAL_Driver/Src/stm32f4xx_ll_usb.o
                0x000000000800480a                USB_DisableGlobalInt
 .text.USB_SetCurrentMode
                0x000000000800482c       0x54 Drivers/STM32F4xx_HAL_Driver/Src/stm32f4xx_ll_usb.o
                0x000000000800482c                USB_SetCurrentMode
 .text.USB_DevInit
                0x0000000008004880      0x2c8 Drivers/STM32F4xx_HAL_Driver/Src/stm32f4xx_ll_usb.o
                0x0000000008004880                USB_DevInit
 .text.USB_FlushTxFifo
                0x0000000008004b48       0x4c Drivers/STM32F4xx_HAL_Driver/Src/stm32f4xx_ll_usb.o
                0x0000000008004b48                USB_FlushTxFifo
 .text.USB_FlushRxFifo
                0x0000000008004b94       0x44 Drivers/STM32F4xx_HAL_Driver/Src/stm32f4xx_ll_usb.o
                0x0000000008004b94                USB_FlushRxFifo
 .text.USB_SetDevSpeed
                0x0000000008004bd8       0x32 Drivers/STM32F4xx_HAL_Driver/Src/stm32f4xx_ll_usb.o
                0x0000000008004bd8                USB_SetDevSpeed
 .text.USB_GetDevSpeed
                0x0000000008004c0a       0x4a Drivers/STM32F4xx_HAL_Driver/Src/stm32f4xx_ll_usb.o
                0x0000000008004c0a                USB_GetDevSpeed
 .text.USB_ActivateEndpoint
                0x0000000008004c54      0x10e Drivers/STM32F4xx_HAL_Driver/Src/stm32f4xx_ll_usb.o
                0x0000000008004c54                USB_ActivateEndpoint
 *fill*         0x0000000008004d62        0x2 
 .text.USB_DeactivateEndpoint
                0x0000000008004d64      0x1b8 Drivers/STM32F4xx_HAL_Driver/Src/stm32f4xx_ll_usb.o
                0x0000000008004d64                USB_DeactivateEndpoint
 .text.USB_EPStartXfer
                0x0000000008004f1c      0x488 Drivers/STM32F4xx_HAL_Driver/Src/stm32f4xx_ll_usb.o
                0x0000000008004f1c                USB_EPStartXfer
 .text.USB_EP0StartXfer
                0x00000000080053a4      0x2a6 Drivers/STM32F4xx_HAL_Driver/Src/stm32f4xx_ll_usb.o
                0x00000000080053a4                USB_EP0StartXfer
 .text.USB_WritePacket
                0x000000000800564a       0x6a Drivers/STM32F4xx_HAL_Driver/Src/stm32f4xx_ll_usb.o
                0x000000000800564a                USB_WritePacket
 .text.USB_ReadPacket
                0x00000000080056b4       0x52 Drivers/STM32F4xx_HAL_Driver/Src/stm32f4xx_ll_usb.o
                0x00000000080056b4                USB_ReadPacket
 .text.USB_EPSetStall
                0x0000000008005706       0xdc Drivers/STM32F4xx_HAL_Driver/Src/stm32f4xx_ll_usb.o
                0x0000000008005706                USB_EPSetStall
 .text.USB_EPClearStall
                0x00000000080057e2       0xcc Drivers/STM32F4xx_HAL_Driver/Src/stm32f4xx_ll_usb.o
                0x00000000080057e2                USB_EPClearStall
 .text.USB_SetDevAddress
                0x00000000080058ae       0x4c Drivers/STM32F4xx_HAL_Driver/Src/stm32f4xx_ll_usb.o
                0x00000000080058ae                USB_SetDevAddress
 .text.USB_DevConnect
                0x00000000080058fa       0x42 Drivers/STM32F4xx_HAL_Driver/Src/stm32f4xx_ll_usb.o
                0x00000000080058fa                USB_DevConnect
 .text.USB_DevDisconnect
                0x000000000800593c       0x42 Drivers/STM32F4xx_HAL_Driver/Src/stm32f4xx_ll_usb.o
                0x000000000800593c                USB_DevDisconnect
 .text.USB_ReadInterrupts
                0x000000000800597e       0x26 Drivers/STM32F4xx_HAL_Driver/Src/stm32f4xx_ll_usb.o
                0x000000000800597e                USB_ReadInterrupts
 .text.USB_ReadDevAllOutEpInterrupt
                0x00000000080059a4       0x34 Drivers/STM32F4xx_HAL_Driver/Src/stm32f4xx_ll_usb.o
                0x00000000080059a4                USB_ReadDevAllOutEpInterrupt
 .text.USB_ReadDevAllInEpInterrupt
                0x00000000080059d8       0x34 Drivers/STM32F4xx_HAL_Driver/Src/stm32f4xx_ll_usb.o
                0x00000000080059d8                USB_ReadDevAllInEpInterrupt
 .text.USB_ReadDevOutEPInterrupt
                0x0000000008005a0c       0x3c Drivers/STM32F4xx_HAL_Driver/Src/stm32f4xx_ll_usb.o
                0x0000000008005a0c                USB_ReadDevOutEPInterrupt
 .text.USB_ReadDevInEPInterrupt
                0x0000000008005a48       0x5c Drivers/STM32F4xx_HAL_Driver/Src/stm32f4xx_ll_usb.o
                0x0000000008005a48                USB_ReadDevInEPInterrupt
 .text.USB_GetMode
                0x0000000008005aa4       0x1c Drivers/STM32F4xx_HAL_Driver/Src/stm32f4xx_ll_usb.o
                0x0000000008005aa4                USB_GetMode
 .text.USB_ActivateSetup
                0x0000000008005ac0       0x46 Drivers/STM32F4xx_HAL_Driver/Src/stm32f4xx_ll_usb.o
                0x0000000008005ac0                USB_ActivateSetup
 *fill*         0x0000000008005b06        0x2 
 .text.USB_EP0_OutStart
                0x0000000008005b08       0xbc Drivers/STM32F4xx_HAL_Driver/Src/stm32f4xx_ll_usb.o
                0x0000000008005b08                USB_EP0_OutStart
 .text.USB_CoreReset
                0x0000000008005bc4       0x68 Drivers/STM32F4xx_HAL_Driver/Src/stm32f4xx_ll_usb.o
 .text.USBD_CDC_Init
                0x0000000008005c2c       0xfe Middlewares/ST/STM32_USB_Device_Library/Class/CDC/Src/usbd_cdc.o
 .text.USBD_CDC_DeInit
                0x0000000008005d2a       0x74 Middlewares/ST/STM32_USB_Device_Library/Class/CDC/Src/usbd_cdc.o
 *fill*         0x0000000008005d9e        0x2 
 .text.USBD_CDC_Setup
                0x0000000008005da0      0x190 Middlewares/ST/STM32_USB_Device_Library/Class/CDC/Src/usbd_cdc.o
 .text.USBD_CDC_DataIn
                0x0000000008005f30       0xca Middlewares/ST/STM32_USB_Device_Library/Class/CDC/Src/usbd_cdc.o
 .text.USBD_CDC_DataOut
                0x0000000008005ffa       0x56 Middlewares/ST/STM32_USB_Device_Library/Class/CDC/Src/usbd_cdc.o
 .text.USBD_CDC_EP0_RxReady
                0x0000000008006050       0x5a Middlewares/ST/STM32_USB_Device_Library/Class/CDC/Src/usbd_cdc.o
 *fill*         0x00000000080060aa        0x2 
 .text.USBD_CDC_GetFSCfgDesc
                0x00000000080060ac       0x20 Middlewares/ST/STM32_USB_Device_Library/Class/CDC/Src/usbd_cdc.o
 .text.USBD_CDC_GetHSCfgDesc
                0x00000000080060cc       0x20 Middlewares/ST/STM32_USB_Device_Library/Class/CDC/Src/usbd_cdc.o
 .text.USBD_CDC_GetOtherSpeedCfgDesc
                0x00000000080060ec       0x20 Middlewares/ST/STM32_USB_Device_Library/Class/CDC/Src/usbd_cdc.o
 .text.USBD_CDC_GetDeviceQualifierDescriptor
                0x000000000800610c       0x20 Middlewares/ST/STM32_USB_Device_Library/Class/CDC/Src/usbd_cdc.o
                0x000000000800610c                USBD_CDC_GetDeviceQualifierDescriptor
 .text.USBD_CDC_RegisterInterface
                0x000000000800612c       0x2a Middlewares/ST/STM32_USB_Device_Library/Class/CDC/Src/usbd_cdc.o
                0x000000000800612c                USBD_CDC_RegisterInterface
 .text.USBD_CDC_SetTxBuffer
                0x0000000008006156       0x3c Middlewares/ST/STM32_USB_Device_Library/Class/CDC/Src/usbd_cdc.o
                0x0000000008006156                USBD_CDC_SetTxBuffer
 .text.USBD_CDC_SetRxBuffer
                0x0000000008006192       0x32 Middlewares/ST/STM32_USB_Device_Library/Class/CDC/Src/usbd_cdc.o
                0x0000000008006192                USBD_CDC_SetRxBuffer
 .text.USBD_CDC_TransmitPacket
                0x00000000080061c4       0x60 Middlewares/ST/STM32_USB_Device_Library/Class/CDC/Src/usbd_cdc.o
                0x00000000080061c4                USBD_CDC_TransmitPacket
 .text.USBD_CDC_ReceivePacket
                0x0000000008006224       0x54 Middlewares/ST/STM32_USB_Device_Library/Class/CDC/Src/usbd_cdc.o
                0x0000000008006224                USBD_CDC_ReceivePacket
 .text.USBD_Init
                0x0000000008006278       0x60 Middlewares/ST/STM32_USB_Device_Library/Core/Src/usbd_core.o
                0x0000000008006278                USBD_Init
 .text.USBD_RegisterClass
                0x00000000080062d8       0x4e Middlewares/ST/STM32_USB_Device_Library/Core/Src/usbd_core.o
                0x00000000080062d8                USBD_RegisterClass
 .text.USBD_Start
                0x0000000008006326       0x18 Middlewares/ST/STM32_USB_Device_Library/Core/Src/usbd_core.o
                0x0000000008006326                USBD_Start
 .text.USBD_RunTestMode
                0x000000000800633e       0x16 Middlewares/ST/STM32_USB_Device_Library/Core/Src/usbd_core.o
                0x000000000800633e                USBD_RunTestMode
 .text.USBD_SetClassConfig
                0x0000000008006354       0x38 Middlewares/ST/STM32_USB_Device_Library/Core/Src/usbd_core.o
                0x0000000008006354                USBD_SetClassConfig
 .text.USBD_ClrClassConfig
                0x000000000800638c       0x30 Middlewares/ST/STM32_USB_Device_Library/Core/Src/usbd_core.o
                0x000000000800638c                USBD_ClrClassConfig
 .text.USBD_LL_SetupStage
                0x00000000080063bc       0xaa Middlewares/ST/STM32_USB_Device_Library/Core/Src/usbd_core.o
                0x00000000080063bc                USBD_LL_SetupStage
 .text.USBD_LL_DataOutStage
                0x0000000008006466       0xc6 Middlewares/ST/STM32_USB_Device_Library/Core/Src/usbd_core.o
                0x0000000008006466                USBD_LL_DataOutStage
 .text.USBD_LL_DataInStage
                0x000000000800652c      0x12c Middlewares/ST/STM32_USB_Device_Library/Core/Src/usbd_core.o
                0x000000000800652c                USBD_LL_DataInStage
 .text.USBD_LL_Reset
                0x0000000008006658       0x9c Middlewares/ST/STM32_USB_Device_Library/Core/Src/usbd_core.o
                0x0000000008006658                USBD_LL_Reset
 .text.USBD_LL_SetSpeed
                0x00000000080066f4       0x20 Middlewares/ST/STM32_USB_Device_Library/Core/Src/usbd_core.o
                0x00000000080066f4                USBD_LL_SetSpeed
 .text.USBD_LL_Suspend
                0x0000000008006714       0x2c Middlewares/ST/STM32_USB_Device_Library/Core/Src/usbd_core.o
                0x0000000008006714                USBD_LL_Suspend
 .text.USBD_LL_Resume
                0x0000000008006740       0x30 Middlewares/ST/STM32_USB_Device_Library/Core/Src/usbd_core.o
                0x0000000008006740                USBD_LL_Resume
 .text.USBD_LL_SOF
                0x0000000008006770       0x44 Middlewares/ST/STM32_USB_Device_Library/Core/Src/usbd_core.o
                0x0000000008006770                USBD_LL_SOF
 .text.USBD_LL_IsoINIncomplete
                0x00000000080067b4       0x4c Middlewares/ST/STM32_USB_Device_Library/Core/Src/usbd_core.o
                0x00000000080067b4                USBD_LL_IsoINIncomplete
 .text.USBD_LL_IsoOUTIncomplete
                0x0000000008006800       0x4c Middlewares/ST/STM32_USB_Device_Library/Core/Src/usbd_core.o
                0x0000000008006800                USBD_LL_IsoOUTIncomplete
 .text.USBD_LL_DevConnected
                0x000000000800684c       0x16 Middlewares/ST/STM32_USB_Device_Library/Core/Src/usbd_core.o
                0x000000000800684c                USBD_LL_DevConnected
 .text.USBD_LL_DevDisconnected
                0x0000000008006862       0x38 Middlewares/ST/STM32_USB_Device_Library/Core/Src/usbd_core.o
                0x0000000008006862                USBD_LL_DevDisconnected
 .text.SWAPBYTE
                0x000000000800689a       0x3c Middlewares/ST/STM32_USB_Device_Library/Core/Src/usbd_ctlreq.o
 *fill*         0x00000000080068d6        0x2 
 .text.USBD_StdDevReq
                0x00000000080068d8       0xdc Middlewares/ST/STM32_USB_Device_Library/Core/Src/usbd_ctlreq.o
                0x00000000080068d8                USBD_StdDevReq
 .text.USBD_StdItfReq
                0x00000000080069b4       0x92 Middlewares/ST/STM32_USB_Device_Library/Core/Src/usbd_ctlreq.o
                0x00000000080069b4                USBD_StdItfReq
 .text.USBD_StdEPReq
                0x0000000008006a46      0x2c4 Middlewares/ST/STM32_USB_Device_Library/Core/Src/usbd_ctlreq.o
                0x0000000008006a46                USBD_StdEPReq
 *fill*         0x0000000008006d0a        0x2 
 .text.USBD_GetDescriptor
                0x0000000008006d0c      0x2d4 Middlewares/ST/STM32_USB_Device_Library/Core/Src/usbd_ctlreq.o
 .text.USBD_SetAddress
                0x0000000008006fe0       0x88 Middlewares/ST/STM32_USB_Device_Library/Core/Src/usbd_ctlreq.o
 .text.USBD_SetConfig
                0x0000000008007068      0x14c Middlewares/ST/STM32_USB_Device_Library/Core/Src/usbd_ctlreq.o
 .text.USBD_GetConfig
                0x00000000080071b4       0x6c Middlewares/ST/STM32_USB_Device_Library/Core/Src/usbd_ctlreq.o
 .text.USBD_GetStatus
                0x0000000008007220       0x68 Middlewares/ST/STM32_USB_Device_Library/Core/Src/usbd_ctlreq.o
 .text.USBD_SetFeature
                0x0000000008007288       0x28 Middlewares/ST/STM32_USB_Device_Library/Core/Src/usbd_ctlreq.o
 .text.USBD_ClrFeature
                0x00000000080072b0       0x44 Middlewares/ST/STM32_USB_Device_Library/Core/Src/usbd_ctlreq.o
 .text.USBD_ParseSetupRequest
                0x00000000080072f4       0x74 Middlewares/ST/STM32_USB_Device_Library/Core/Src/usbd_ctlreq.o
                0x00000000080072f4                USBD_ParseSetupRequest
 .text.USBD_CtlError
                0x0000000008007368       0x22 Middlewares/ST/STM32_USB_Device_Library/Core/Src/usbd_ctlreq.o
                0x0000000008007368                USBD_CtlError
 .text.USBD_GetString
                0x000000000800738a       0x8c Middlewares/ST/STM32_USB_Device_Library/Core/Src/usbd_ctlreq.o
                0x000000000800738a                USBD_GetString
 .text.USBD_GetLen
                0x0000000008007416       0x34 Middlewares/ST/STM32_USB_Device_Library/Core/Src/usbd_ctlreq.o
 .text.USBD_CtlSendData
                0x000000000800744a       0x36 Middlewares/ST/STM32_USB_Device_Library/Core/Src/usbd_ioreq.o
                0x000000000800744a                USBD_CtlSendData
 .text.USBD_CtlContinueSendData
                0x0000000008007480       0x22 Middlewares/ST/STM32_USB_Device_Library/Core/Src/usbd_ioreq.o
                0x0000000008007480                USBD_CtlContinueSendData
 .text.USBD_CtlPrepareRx
                0x00000000080074a2       0x3a Middlewares/ST/STM32_USB_Device_Library/Core/Src/usbd_ioreq.o
                0x00000000080074a2                USBD_CtlPrepareRx
 .text.USBD_CtlContinueRx
                0x00000000080074dc       0x22 Middlewares/ST/STM32_USB_Device_Library/Core/Src/usbd_ioreq.o
                0x00000000080074dc                USBD_CtlContinueRx
 .text.USBD_CtlSendStatus
                0x00000000080074fe       0x26 Middlewares/ST/STM32_USB_Device_Library/Core/Src/usbd_ioreq.o
                0x00000000080074fe                USBD_CtlSendStatus
 .text.USBD_CtlReceiveStatus
                0x0000000008007524       0x26 Middlewares/ST/STM32_USB_Device_Library/Core/Src/usbd_ioreq.o
                0x0000000008007524                USBD_CtlReceiveStatus
 *fill*         0x000000000800754a        0x2 
 .text.__NVIC_SetPriority
                0x000000000800754c       0x54 Middlewares/Third_Party/FreeRTOS/Source/CMSIS_RTOS_V2/cmsis_os2.o
 .text.SysTick_Handler
                0x00000000080075a0       0x20 Middlewares/Third_Party/FreeRTOS/Source/CMSIS_RTOS_V2/cmsis_os2.o
                0x00000000080075a0                SysTick_Handler
 .text.SVC_Setup
                0x00000000080075c0       0x12 Middlewares/Third_Party/FreeRTOS/Source/CMSIS_RTOS_V2/cmsis_os2.o
 *fill*         0x00000000080075d2        0x2 
 .text.osKernelInitialize
                0x00000000080075d4       0x48 Middlewares/Third_Party/FreeRTOS/Source/CMSIS_RTOS_V2/cmsis_os2.o
                0x00000000080075d4                osKernelInitialize
 .text.osKernelStart
                0x000000000800761c       0x4c Middlewares/Third_Party/FreeRTOS/Source/CMSIS_RTOS_V2/cmsis_os2.o
                0x000000000800761c                osKernelStart
 .text.osThreadNew
                0x0000000008007668      0x124 Middlewares/Third_Party/FreeRTOS/Source/CMSIS_RTOS_V2/cmsis_os2.o
                0x0000000008007668                osThreadNew
 .text.osDelay  0x000000000800778c       0x36 Middlewares/Third_Party/FreeRTOS/Source/CMSIS_RTOS_V2/cmsis_os2.o
                0x000000000800778c                osDelay
 .text.osMessageQueueNew
                0x00000000080077c2       0xe6 Middlewares/Third_Party/FreeRTOS/Source/CMSIS_RTOS_V2/cmsis_os2.o
                0x00000000080077c2                osMessageQueueNew
 .text.vApplicationGetIdleTaskMemory
                0x00000000080078a8       0x34 Middlewares/Third_Party/FreeRTOS/Source/CMSIS_RTOS_V2/cmsis_os2.o
                0x00000000080078a8                vApplicationGetIdleTaskMemory
 .text.vApplicationGetTimerTaskMemory
                0x00000000080078dc       0x34 Middlewares/Third_Party/FreeRTOS/Source/CMSIS_RTOS_V2/cmsis_os2.o
                0x00000000080078dc                vApplicationGetTimerTaskMemory
 .text.vListInitialise
                0x0000000008007910       0x40 Middlewares/Third_Party/FreeRTOS/Source/list.o
                0x0000000008007910                vListInitialise
 .text.vListInitialiseItem
                0x0000000008007950       0x1a Middlewares/Third_Party/FreeRTOS/Source/list.o
                0x0000000008007950                vListInitialiseItem
 .text.vListInsertEnd
                0x000000000800796a       0x48 Middlewares/Third_Party/FreeRTOS/Source/list.o
                0x000000000800796a                vListInsertEnd
 .text.vListInsert
                0x00000000080079b2       0x72 Middlewares/Third_Party/FreeRTOS/Source/list.o
                0x00000000080079b2                vListInsert
 .text.uxListRemove
                0x0000000008007a24       0x54 Middlewares/Third_Party/FreeRTOS/Source/list.o
                0x0000000008007a24                uxListRemove
 .text.xQueueGenericReset
                0x0000000008007a78       0xd0 Middlewares/Third_Party/FreeRTOS/Source/queue.o
                0x0000000008007a78                xQueueGenericReset
 .text.xQueueGenericCreateStatic
                0x0000000008007b48       0xf0 Middlewares/Third_Party/FreeRTOS/Source/queue.o
                0x0000000008007b48                xQueueGenericCreateStatic
 .text.xQueueGenericCreate
                0x0000000008007c38       0x74 Middlewares/Third_Party/FreeRTOS/Source/queue.o
                0x0000000008007c38                xQueueGenericCreate
 .text.prvInitialiseNewQueue
                0x0000000008007cac       0x46 Middlewares/Third_Party/FreeRTOS/Source/queue.o
 *fill*         0x0000000008007cf2        0x2 
 .text.xQueueGenericSend
                0x0000000008007cf4      0x1fc Middlewares/Third_Party/FreeRTOS/Source/queue.o
                0x0000000008007cf4                xQueueGenericSend
 .text.xQueueGenericSendFromISR
                0x0000000008007ef0      0x136 Middlewares/Third_Party/FreeRTOS/Source/queue.o
                0x0000000008007ef0                xQueueGenericSendFromISR
 *fill*         0x0000000008008026        0x2 
 .text.xQueueReceive
                0x0000000008008028      0x1c0 Middlewares/Third_Party/FreeRTOS/Source/queue.o
                0x0000000008008028                xQueueReceive
 .text.prvCopyDataToQueue
                0x00000000080081e8       0xd4 Middlewares/Third_Party/FreeRTOS/Source/queue.o
 .text.prvCopyDataFromQueue
                0x00000000080082bc       0x4c Middlewares/Third_Party/FreeRTOS/Source/queue.o
 .text.prvUnlockQueue
                0x0000000008008308       0xa4 Middlewares/Third_Party/FreeRTOS/Source/queue.o
 .text.prvIsQueueEmpty
                0x00000000080083ac       0x2c Middlewares/Third_Party/FreeRTOS/Source/queue.o
 .text.prvIsQueueFull
                0x00000000080083d8       0x30 Middlewares/Third_Party/FreeRTOS/Source/queue.o
 .text.vQueueAddToRegistry
                0x0000000008008408       0x54 Middlewares/Third_Party/FreeRTOS/Source/queue.o
                0x0000000008008408                vQueueAddToRegistry
 .text.vQueueWaitForMessageRestricted
                0x000000000800845c       0x68 Middlewares/Third_Party/FreeRTOS/Source/queue.o
                0x000000000800845c                vQueueWaitForMessageRestricted
 .text.xTaskCreateStatic
                0x00000000080084c4       0xba Middlewares/Third_Party/FreeRTOS/Source/tasks.o
                0x00000000080084c4                xTaskCreateStatic
 .text.xTaskCreate
                0x000000000800857e       0x8a Middlewares/Third_Party/FreeRTOS/Source/tasks.o
                0x000000000800857e                xTaskCreate
 .text.prvInitialiseNewTask
                0x0000000008008608      0x11e Middlewares/Third_Party/FreeRTOS/Source/tasks.o
 *fill*         0x0000000008008726        0x2 
 .text.prvAddNewTaskToReadyList
                0x0000000008008728       0xe0 Middlewares/Third_Party/FreeRTOS/Source/tasks.o
 .text.vTaskDelay
                0x0000000008008808       0x68 Middlewares/Third_Party/FreeRTOS/Source/tasks.o
                0x0000000008008808                vTaskDelay
 .text.vTaskStartScheduler
                0x0000000008008870       0xcc Middlewares/Third_Party/FreeRTOS/Source/tasks.o
                0x0000000008008870                vTaskStartScheduler
 .text.vTaskSuspendAll
                0x000000000800893c       0x1c Middlewares/Third_Party/FreeRTOS/Source/tasks.o
                0x000000000800893c                vTaskSuspendAll
 .text.xTaskResumeAll
                0x0000000008008958      0x13c Middlewares/Third_Party/FreeRTOS/Source/tasks.o
                0x0000000008008958                xTaskResumeAll
 .text.xTaskGetTickCount
                0x0000000008008a94       0x20 Middlewares/Third_Party/FreeRTOS/Source/tasks.o
                0x0000000008008a94                xTaskGetTickCount
 .text.xTaskIncrementTick
                0x0000000008008ab4      0x174 Middlewares/Third_Party/FreeRTOS/Source/tasks.o
                0x0000000008008ab4                xTaskIncrementTick
 .text.vTaskSwitchContext
                0x0000000008008c28       0xbc Middlewares/Third_Party/FreeRTOS/Source/tasks.o
                0x0000000008008c28                vTaskSwitchContext
 .text.vTaskPlaceOnEventList
                0x0000000008008ce4       0x48 Middlewares/Third_Party/FreeRTOS/Source/tasks.o
                0x0000000008008ce4                vTaskPlaceOnEventList
 .text.vTaskPlaceOnEventListRestricted
                0x0000000008008d2c       0x58 Middlewares/Third_Party/FreeRTOS/Source/tasks.o
                0x0000000008008d2c                vTaskPlaceOnEventListRestricted
 .text.xTaskRemoveFromEventList
                0x0000000008008d84       0xc8 Middlewares/Third_Party/FreeRTOS/Source/tasks.o
                0x0000000008008d84                xTaskRemoveFromEventList
 .text.vTaskInternalSetTimeOutState
                0x0000000008008e4c       0x2c Middlewares/Third_Party/FreeRTOS/Source/tasks.o
                0x0000000008008e4c                vTaskInternalSetTimeOutState
 .text.xTaskCheckForTimeOut
                0x0000000008008e78       0xc4 Middlewares/Third_Party/FreeRTOS/Source/tasks.o
                0x0000000008008e78                xTaskCheckForTimeOut
 .text.vTaskMissedYield
                0x0000000008008f3c       0x18 Middlewares/Third_Party/FreeRTOS/Source/tasks.o
                0x0000000008008f3c                vTaskMissedYield
 .text.prvIdleTask
                0x0000000008008f54       0x30 Middlewares/Third_Party/FreeRTOS/Source/tasks.o
 .text.prvInitialiseTaskLists
                0x0000000008008f84       0x80 Middlewares/Third_Party/FreeRTOS/Source/tasks.o
 .text.prvCheckTasksWaitingTermination
                0x0000000008009004       0x5c Middlewares/Third_Party/FreeRTOS/Source/tasks.o
 .text.prvDeleteTCB
                0x0000000008009060       0x5e Middlewares/Third_Party/FreeRTOS/Source/tasks.o
 *fill*         0x00000000080090be        0x2 
 .text.prvResetNextTaskUnblockTime
                0x00000000080090c0       0x40 Middlewares/Third_Party/FreeRTOS/Source/tasks.o
 .text.xTaskGetSchedulerState
                0x0000000008009100       0x3c Middlewares/Third_Party/FreeRTOS/Source/tasks.o
                0x0000000008009100                xTaskGetSchedulerState
 .text.xTaskPriorityDisinherit
                0x000000000800913c       0xdc Middlewares/Third_Party/FreeRTOS/Source/tasks.o
                0x000000000800913c                xTaskPriorityDisinherit
 .text.prvAddCurrentTaskToDelayedList
                0x0000000008009218       0xa8 Middlewares/Third_Party/FreeRTOS/Source/tasks.o
 .text.xTimerCreateTimerTask
                0x00000000080092c0       0x90 Middlewares/Third_Party/FreeRTOS/Source/timers.o
                0x00000000080092c0                xTimerCreateTimerTask
 .text.xTimerGenericCommand
                0x0000000008009350       0x9c Middlewares/Third_Party/FreeRTOS/Source/timers.o
                0x0000000008009350                xTimerGenericCommand
 .text.prvProcessExpiredTimer
                0x00000000080093ec       0x98 Middlewares/Third_Party/FreeRTOS/Source/timers.o
 .text.prvTimerTask
                0x0000000008009484       0x24 Middlewares/Third_Party/FreeRTOS/Source/timers.o
 .text.prvProcessTimerOrBlockTask
                0x00000000080094a8       0x9c Middlewares/Third_Party/FreeRTOS/Source/timers.o
 .text.prvGetNextExpireTime
                0x0000000008009544       0x48 Middlewares/Third_Party/FreeRTOS/Source/timers.o
 .text.prvSampleTimeNow
                0x000000000800958c       0x40 Middlewares/Third_Party/FreeRTOS/Source/timers.o
 .text.prvInsertTimerInActiveList
                0x00000000080095cc       0x84 Middlewares/Third_Party/FreeRTOS/Source/timers.o
 .text.prvProcessReceivedCommands
                0x0000000008009650      0x1c4 Middlewares/Third_Party/FreeRTOS/Source/timers.o
 .text.prvSwitchTimerLists
                0x0000000008009814       0xc8 Middlewares/Third_Party/FreeRTOS/Source/timers.o
 .text.prvCheckForValidListAndQueue
                0x00000000080098dc       0x80 Middlewares/Third_Party/FreeRTOS/Source/timers.o
 .text.pxPortInitialiseStack
                0x000000000800995c       0x68 Middlewares/Third_Party/FreeRTOS/Source/portable/GCC/ARM_CM4F/port.o
                0x000000000800995c                pxPortInitialiseStack
 .text.prvTaskExitError
                0x00000000080099c4       0x58 Middlewares/Third_Party/FreeRTOS/Source/portable/GCC/ARM_CM4F/port.o
 *fill*         0x0000000008009a1c        0x4 
 .text.SVC_Handler
                0x0000000008009a20       0x28 Middlewares/Third_Party/FreeRTOS/Source/portable/GCC/ARM_CM4F/port.o
                0x0000000008009a20                SVC_Handler
 .text.prvPortStartFirstTask
                0x0000000008009a48       0x28 Middlewares/Third_Party/FreeRTOS/Source/portable/GCC/ARM_CM4F/port.o
 .text.xPortStartScheduler
                0x0000000008009a70      0x144 Middlewares/Third_Party/FreeRTOS/Source/portable/GCC/ARM_CM4F/port.o
                0x0000000008009a70                xPortStartScheduler
 .text.vPortEnterCritical
                0x0000000008009bb4       0x60 Middlewares/Third_Party/FreeRTOS/Source/portable/GCC/ARM_CM4F/port.o
                0x0000000008009bb4                vPortEnterCritical
 .text.vPortExitCritical
                0x0000000008009c14       0x54 Middlewares/Third_Party/FreeRTOS/Source/portable/GCC/ARM_CM4F/port.o
                0x0000000008009c14                vPortExitCritical
 *fill*         0x0000000008009c68        0x8 
 .text.PendSV_Handler
                0x0000000008009c70       0x68 Middlewares/Third_Party/FreeRTOS/Source/portable/GCC/ARM_CM4F/port.o
                0x0000000008009c70                PendSV_Handler
 .text.xPortSysTickHandler
                0x0000000008009cd8       0x44 Middlewares/Third_Party/FreeRTOS/Source/portable/GCC/ARM_CM4F/port.o
                0x0000000008009cd8                xPortSysTickHandler
 .text.vPortSetupTimerInterrupt
                0x0000000008009d1c       0x48 Middlewares/Third_Party/FreeRTOS/Source/portable/GCC/ARM_CM4F/port.o
                0x0000000008009d1c                vPortSetupTimerInterrupt
 .text.vPortEnableVFP
                0x0000000008009d64       0x14 Middlewares/Third_Party/FreeRTOS/Source/portable/GCC/ARM_CM4F/port.o
 .text.vPortValidateInterruptPriority
                0x0000000008009d78       0x80 Middlewares/Third_Party/FreeRTOS/Source/portable/GCC/ARM_CM4F/port.o
                0x0000000008009d78                vPortValidateInterruptPriority
 .text.pvPortMalloc
                0x0000000008009df8      0x198 Middlewares/Third_Party/FreeRTOS/Source/portable/MemMang/heap_4.o
                0x0000000008009df8                pvPortMalloc
 .text.vPortFree
                0x0000000008009f90       0xc4 Middlewares/Third_Party/FreeRTOS/Source/portable/MemMang/heap_4.o
                0x0000000008009f90                vPortFree
 .text.prvHeapInit
                0x000000000800a054       0xc4 Middlewares/Third_Party/FreeRTOS/Source/portable/MemMang/heap_4.o
 .text.prvInsertBlockIntoFreeList
                0x000000000800a118       0xb4 Middlewares/Third_Party/FreeRTOS/Source/portable/MemMang/heap_4.o
 .text.MX_USB_DEVICE_Init
                0x000000000800a1cc       0x60 USB_DEVICE/App/usb_device.o
                0x000000000800a1cc                MX_USB_DEVICE_Init
 .text.CDC_Init_FS
                0x000000000800a22c       0x28 USB_DEVICE/App/usbd_cdc_if.o
 .text.CDC_DeInit_FS
                0x000000000800a254       0x10 USB_DEVICE/App/usbd_cdc_if.o
 .text.CDC_Control_FS
                0x000000000800a264       0xbc USB_DEVICE/App/usbd_cdc_if.o
 .text.CDC_Receive_FS
                0x000000000800a320       0x34 USB_DEVICE/App/usbd_cdc_if.o
 .text.CDC_Transmit_FS
                0x000000000800a354       0x4c USB_DEVICE/App/usbd_cdc_if.o
                0x000000000800a354                CDC_Transmit_FS
 .text.CDC_TransmitCplt_FS
                0x000000000800a3a0       0x22 USB_DEVICE/App/usbd_cdc_if.o
 .text.CDC_ReceiveCallBack
                0x000000000800a3c2       0x18 USB_DEVICE/App/usbd_cdc_if.o
                0x000000000800a3c2                CDC_ReceiveCallBack
 *fill*         0x000000000800a3da        0x2 
 .text.USBD_FS_DeviceDescriptor
                0x000000000800a3dc       0x24 USB_DEVICE/App/usbd_desc.o
                0x000000000800a3dc                USBD_FS_DeviceDescriptor
 .text.USBD_FS_LangIDStrDescriptor
                0x000000000800a400       0x24 USB_DEVICE/App/usbd_desc.o
                0x000000000800a400                USBD_FS_LangIDStrDescriptor
 .text.USBD_FS_ProductStrDescriptor
                0x000000000800a424       0x3c USB_DEVICE/App/usbd_desc.o
                0x000000000800a424                USBD_FS_ProductStrDescriptor
 .text.USBD_FS_ManufacturerStrDescriptor
                0x000000000800a460       0x28 USB_DEVICE/App/usbd_desc.o
                0x000000000800a460                USBD_FS_ManufacturerStrDescriptor
 .text.USBD_FS_SerialStrDescriptor
                0x000000000800a488       0x24 USB_DEVICE/App/usbd_desc.o
                0x000000000800a488                USBD_FS_SerialStrDescriptor
 .text.USBD_FS_ConfigStrDescriptor
                0x000000000800a4ac       0x3c USB_DEVICE/App/usbd_desc.o
                0x000000000800a4ac                USBD_FS_ConfigStrDescriptor
 .text.USBD_FS_InterfaceStrDescriptor
                0x000000000800a4e8       0x3c USB_DEVICE/App/usbd_desc.o
                0x000000000800a4e8                USBD_FS_InterfaceStrDescriptor
 .text.Get_SerialNum
                0x000000000800a524       0x58 USB_DEVICE/App/usbd_desc.o
 .text.IntToUnicode
                0x000000000800a57c       0x7e USB_DEVICE/App/usbd_desc.o
 *fill*         0x000000000800a5fa        0x2 
 .text.HAL_PCD_MspInit
                0x000000000800a5fc       0xc4 USB_DEVICE/Target/usbd_conf.o
                0x000000000800a5fc                HAL_PCD_MspInit
 .text.HAL_PCD_SetupStageCallback
                0x000000000800a6c0       0x24 USB_DEVICE/Target/usbd_conf.o
                0x000000000800a6c0                HAL_PCD_SetupStageCallback
 .text.HAL_PCD_DataOutStageCallback
                0x000000000800a6e4       0x36 USB_DEVICE/Target/usbd_conf.o
                0x000000000800a6e4                HAL_PCD_DataOutStageCallback
 .text.HAL_PCD_DataInStageCallback
                0x000000000800a71a       0x34 USB_DEVICE/Target/usbd_conf.o
                0x000000000800a71a                HAL_PCD_DataInStageCallback
 .text.HAL_PCD_SOFCallback
                0x000000000800a74e       0x1c USB_DEVICE/Target/usbd_conf.o
                0x000000000800a74e                HAL_PCD_SOFCallback
 .text.HAL_PCD_ResetCallback
                0x000000000800a76a       0x3c USB_DEVICE/Target/usbd_conf.o
                0x000000000800a76a                HAL_PCD_ResetCallback
 *fill*         0x000000000800a7a6        0x2 
 .text.HAL_PCD_SuspendCallback
                0x000000000800a7a8       0x4c USB_DEVICE/Target/usbd_conf.o
                0x000000000800a7a8                HAL_PCD_SuspendCallback
 .text.HAL_PCD_ResumeCallback
                0x000000000800a7f4       0x1c USB_DEVICE/Target/usbd_conf.o
                0x000000000800a7f4                HAL_PCD_ResumeCallback
 .text.HAL_PCD_ISOOUTIncompleteCallback
                0x000000000800a810       0x24 USB_DEVICE/Target/usbd_conf.o
                0x000000000800a810                HAL_PCD_ISOOUTIncompleteCallback
 .text.HAL_PCD_ISOINIncompleteCallback
                0x000000000800a834       0x24 USB_DEVICE/Target/usbd_conf.o
                0x000000000800a834                HAL_PCD_ISOINIncompleteCallback
 .text.HAL_PCD_ConnectCallback
                0x000000000800a858       0x1c USB_DEVICE/Target/usbd_conf.o
                0x000000000800a858                HAL_PCD_ConnectCallback
 .text.HAL_PCD_DisconnectCallback
                0x000000000800a874       0x1c USB_DEVICE/Target/usbd_conf.o
                0x000000000800a874                HAL_PCD_DisconnectCallback
 .text.USBD_LL_Init
                0x000000000800a890       0x98 USB_DEVICE/Target/usbd_conf.o
                0x000000000800a890                USBD_LL_Init
 .text.USBD_LL_Start
                0x000000000800a928       0x36 USB_DEVICE/Target/usbd_conf.o
                0x000000000800a928                USBD_LL_Start
 .text.USBD_LL_OpenEP
                0x000000000800a95e       0x4c USB_DEVICE/Target/usbd_conf.o
                0x000000000800a95e                USBD_LL_OpenEP
 .text.USBD_LL_CloseEP
                0x000000000800a9aa       0x3e USB_DEVICE/Target/usbd_conf.o
                0x000000000800a9aa                USBD_LL_CloseEP
 .text.USBD_LL_StallEP
                0x000000000800a9e8       0x3e USB_DEVICE/Target/usbd_conf.o
                0x000000000800a9e8                USBD_LL_StallEP
 .text.USBD_LL_ClearStallEP
                0x000000000800aa26       0x3e USB_DEVICE/Target/usbd_conf.o
                0x000000000800aa26                USBD_LL_ClearStallEP
 .text.USBD_LL_IsStallEP
                0x000000000800aa64       0x58 USB_DEVICE/Target/usbd_conf.o
                0x000000000800aa64                USBD_LL_IsStallEP
 .text.USBD_LL_SetUSBAddress
                0x000000000800aabc       0x3e USB_DEVICE/Target/usbd_conf.o
                0x000000000800aabc                USBD_LL_SetUSBAddress
 .text.USBD_LL_Transmit
                0x000000000800aafa       0x42 USB_DEVICE/Target/usbd_conf.o
                0x000000000800aafa                USBD_LL_Transmit
 .text.USBD_LL_PrepareReceive
                0x000000000800ab3c       0x42 USB_DEVICE/Target/usbd_conf.o
                0x000000000800ab3c                USBD_LL_PrepareReceive
 .text.USBD_LL_GetRxDataSize
                0x000000000800ab7e       0x26 USB_DEVICE/Target/usbd_conf.o
                0x000000000800ab7e                USBD_LL_GetRxDataSize
 .text.USBD_static_malloc
                0x000000000800aba4       0x1c USB_DEVICE/Target/usbd_conf.o
                0x000000000800aba4                USBD_static_malloc
 .text.USBD_static_free
                0x000000000800abc0       0x14 USB_DEVICE/Target/usbd_conf.o
                0x000000000800abc0                USBD_static_free
 .text.USBD_Get_USB_Status
                0x000000000800abd4       0x58 USB_DEVICE/Target/usbd_conf.o
                0x000000000800abd4                USBD_Get_USB_Status
 .text.__errno  0x000000000800ac2c        0xc c:/st/stm32cubeide_1.5.1/stm32cubeide/plugins/com.st.stm32cube.ide.mcu.externaltools.gnu-tools-for-stm32.9-2020-q2-update.win32_1.5.0.202011040924/tools/bin/../lib/gcc/arm-none-eabi/9.3.1/../../../../arm-none-eabi/lib/thumb/v7e-m+fp/hard\libc_nano.a(lib_a-errno.o)
                0x000000000800ac2c                __errno
 .text.__libc_init_array
                0x000000000800ac38       0x48 c:/st/stm32cubeide_1.5.1/stm32cubeide/plugins/com.st.stm32cube.ide.mcu.externaltools.gnu-tools-for-stm32.9-2020-q2-update.win32_1.5.0.202011040924/tools/bin/../lib/gcc/arm-none-eabi/9.3.1/../../../../arm-none-eabi/lib/thumb/v7e-m+fp/hard\libc_nano.a(lib_a-init.o)
                0x000000000800ac38                __libc_init_array
 .text.memcpy   0x000000000800ac80       0x1c c:/st/stm32cubeide_1.5.1/stm32cubeide/plugins/com.st.stm32cube.ide.mcu.externaltools.gnu-tools-for-stm32.9-2020-q2-update.win32_1.5.0.202011040924/tools/bin/../lib/gcc/arm-none-eabi/9.3.1/../../../../arm-none-eabi/lib/thumb/v7e-m+fp/hard\libc_nano.a(lib_a-memcpy-stub.o)
                0x000000000800ac80                memcpy
 .text.memset   0x000000000800ac9c       0x10 c:/st/stm32cubeide_1.5.1/stm32cubeide/plugins/com.st.stm32cube.ide.mcu.externaltools.gnu-tools-for-stm32.9-2020-q2-update.win32_1.5.0.202011040924/tools/bin/../lib/gcc/arm-none-eabi/9.3.1/../../../../arm-none-eabi/lib/thumb/v7e-m+fp/hard\libc_nano.a(lib_a-memset.o)
                0x000000000800ac9c                memset
 .text.sprintf  0x000000000800acac       0x40 c:/st/stm32cubeide_1.5.1/stm32cubeide/plugins/com.st.stm32cube.ide.mcu.externaltools.gnu-tools-for-stm32.9-2020-q2-update.win32_1.5.0.202011040924/tools/bin/../lib/gcc/arm-none-eabi/9.3.1/../../../../arm-none-eabi/lib/thumb/v7e-m+fp/hard\libc_nano.a(lib_a-sprintf.o)
                0x000000000800acac                siprintf
                0x000000000800acac                sprintf
 .text.__ssputs_r
                0x000000000800acec       0xb6 c:/st/stm32cubeide_1.5.1/stm32cubeide/plugins/com.st.stm32cube.ide.mcu.externaltools.gnu-tools-for-stm32.9-2020-q2-update.win32_1.5.0.202011040924/tools/bin/../lib/gcc/arm-none-eabi/9.3.1/../../../../arm-none-eabi/lib/thumb/v7e-m+fp/hard\libc_nano.a(lib_a-nano-svfprintf.o)
                0x000000000800acec                __ssputs_r
 *fill*         0x000000000800ada2        0x2 
 .text._svfprintf_r
                0x000000000800ada4      0x200 c:/st/stm32cubeide_1.5.1/stm32cubeide/plugins/com.st.stm32cube.ide.mcu.externaltools.gnu-tools-for-stm32.9-2020-q2-update.win32_1.5.0.202011040924/tools/bin/../lib/gcc/arm-none-eabi/9.3.1/../../../../arm-none-eabi/lib/thumb/v7e-m+fp/hard\libc_nano.a(lib_a-nano-svfprintf.o)
                0x000000000800ada4                _svfiprintf_r
                0x000000000800ada4                _svfprintf_r
 .text._printf_common
                0x000000000800afa4       0xda c:/st/stm32cubeide_1.5.1/stm32cubeide/plugins/com.st.stm32cube.ide.mcu.externaltools.gnu-tools-for-stm32.9-2020-q2-update.win32_1.5.0.202011040924/tools/bin/../lib/gcc/arm-none-eabi/9.3.1/../../../../arm-none-eabi/lib/thumb/v7e-m+fp/hard\libc_nano.a(lib_a-nano-vfprintf_i.o)
                0x000000000800afa4                _printf_common
 *fill*         0x000000000800b07e        0x2 
 .text._printf_i
                0x000000000800b080      0x24c c:/st/stm32cubeide_1.5.1/stm32cubeide/plugins/com.st.stm32cube.ide.mcu.externaltools.gnu-tools-for-stm32.9-2020-q2-update.win32_1.5.0.202011040924/tools/bin/../lib/gcc/arm-none-eabi/9.3.1/../../../../arm-none-eabi/lib/thumb/v7e-m+fp/hard\libc_nano.a(lib_a-nano-vfprintf_i.o)
                0x000000000800b080                _printf_i
 .text.memmove  0x000000000800b2cc       0x34 c:/st/stm32cubeide_1.5.1/stm32cubeide/plugins/com.st.stm32cube.ide.mcu.externaltools.gnu-tools-for-stm32.9-2020-q2-update.win32_1.5.0.202011040924/tools/bin/../lib/gcc/arm-none-eabi/9.3.1/../../../../arm-none-eabi/lib/thumb/v7e-m+fp/hard\libc_nano.a(lib_a-memmove.o)
                0x000000000800b2cc                memmove
 .text._free_r  0x000000000800b300       0xa0 c:/st/stm32cubeide_1.5.1/stm32cubeide/plugins/com.st.stm32cube.ide.mcu.externaltools.gnu-tools-for-stm32.9-2020-q2-update.win32_1.5.0.202011040924/tools/bin/../lib/gcc/arm-none-eabi/9.3.1/../../../../arm-none-eabi/lib/thumb/v7e-m+fp/hard\libc_nano.a(lib_a-nano-freer.o)
                0x000000000800b300                _free_r
 .text._malloc_r
                0x000000000800b3a0       0xb4 c:/st/stm32cubeide_1.5.1/stm32cubeide/plugins/com.st.stm32cube.ide.mcu.externaltools.gnu-tools-for-stm32.9-2020-q2-update.win32_1.5.0.202011040924/tools/bin/../lib/gcc/arm-none-eabi/9.3.1/../../../../arm-none-eabi/lib/thumb/v7e-m+fp/hard\libc_nano.a(lib_a-nano-mallocr.o)
                0x000000000800b3a0                _malloc_r
 .text._realloc_r
                0x000000000800b454       0x4c c:/st/stm32cubeide_1.5.1/stm32cubeide/plugins/com.st.stm32cube.ide.mcu.externaltools.gnu-tools-for-stm32.9-2020-q2-update.win32_1.5.0.202011040924/tools/bin/../lib/gcc/arm-none-eabi/9.3.1/../../../../arm-none-eabi/lib/thumb/v7e-m+fp/hard\libc_nano.a(lib_a-nano-reallocr.o)
                0x000000000800b454                _realloc_r
 .text._sbrk_r  0x000000000800b4a0       0x20 c:/st/stm32cubeide_1.5.1/stm32cubeide/plugins/com.st.stm32cube.ide.mcu.externaltools.gnu-tools-for-stm32.9-2020-q2-update.win32_1.5.0.202011040924/tools/bin/../lib/gcc/arm-none-eabi/9.3.1/../../../../arm-none-eabi/lib/thumb/v7e-m+fp/hard\libc_nano.a(lib_a-sbrkr.o)
                0x000000000800b4a0                _sbrk_r
 .text.__malloc_lock
                0x000000000800b4c0        0xc c:/st/stm32cubeide_1.5.1/stm32cubeide/plugins/com.st.stm32cube.ide.mcu.externaltools.gnu-tools-for-stm32.9-2020-q2-update.win32_1.5.0.202011040924/tools/bin/../lib/gcc/arm-none-eabi/9.3.1/../../../../arm-none-eabi/lib/thumb/v7e-m+fp/hard\libc_nano.a(lib_a-mlock.o)
                0x000000000800b4c0                __malloc_lock
 .text.__malloc_unlock
                0x000000000800b4cc        0xc c:/st/stm32cubeide_1.5.1/stm32cubeide/plugins/com.st.stm32cube.ide.mcu.externaltools.gnu-tools-for-stm32.9-2020-q2-update.win32_1.5.0.202011040924/tools/bin/../lib/gcc/arm-none-eabi/9.3.1/../../../../arm-none-eabi/lib/thumb/v7e-m+fp/hard\libc_nano.a(lib_a-mlock.o)
                0x000000000800b4cc                __malloc_unlock
 .text._malloc_usable_size_r
                0x000000000800b4d8       0x10 c:/st/stm32cubeide_1.5.1/stm32cubeide/plugins/com.st.stm32cube.ide.mcu.externaltools.gnu-tools-for-stm32.9-2020-q2-update.win32_1.5.0.202011040924/tools/bin/../lib/gcc/arm-none-eabi/9.3.1/../../../../arm-none-eabi/lib/thumb/v7e-m+fp/hard\libc_nano.a(lib_a-nano-msizer.o)
                0x000000000800b4d8                _malloc_usable_size_r
 .text.__retarget_lock_acquire_recursive
                0x000000000800b4e8        0x2 c:/st/stm32cubeide_1.5.1/stm32cubeide/plugins/com.st.stm32cube.ide.mcu.externaltools.gnu-tools-for-stm32.9-2020-q2-update.win32_1.5.0.202011040924/tools/bin/../lib/gcc/arm-none-eabi/9.3.1/../../../../arm-none-eabi/lib/thumb/v7e-m+fp/hard\libc_nano.a(lib_a-lock.o)
                0x000000000800b4e8                __retarget_lock_acquire_recursive
 .text.__retarget_lock_release_recursive
                0x000000000800b4ea        0x2 c:/st/stm32cubeide_1.5.1/stm32cubeide/plugins/com.st.stm32cube.ide.mcu.externaltools.gnu-tools-for-stm32.9-2020-q2-update.win32_1.5.0.202011040924/tools/bin/../lib/gcc/arm-none-eabi/9.3.1/../../../../arm-none-eabi/lib/thumb/v7e-m+fp/hard\libc_nano.a(lib_a-lock.o)
                0x000000000800b4ea                __retarget_lock_release_recursive
 *(.glue_7)
 .glue_7        0x000000000800b4ec        0x0 linker stubs
 *(.glue_7t)
 .glue_7t       0x000000000800b4ec        0x0 linker stubs
 *(.eh_frame)
 .eh_frame      0x000000000800b4ec        0x0 c:/st/stm32cubeide_1.5.1/stm32cubeide/plugins/com.st.stm32cube.ide.mcu.externaltools.gnu-tools-for-stm32.9-2020-q2-update.win32_1.5.0.202011040924/tools/bin/../lib/gcc/arm-none-eabi/9.3.1/thumb/v7e-m+fp/hard/crtbegin.o
 *(.init)
 .init          0x000000000800b4ec        0x4 c:/st/stm32cubeide_1.5.1/stm32cubeide/plugins/com.st.stm32cube.ide.mcu.externaltools.gnu-tools-for-stm32.9-2020-q2-update.win32_1.5.0.202011040924/tools/bin/../lib/gcc/arm-none-eabi/9.3.1/thumb/v7e-m+fp/hard/crti.o
                0x000000000800b4ec                _init
 .init          0x000000000800b4f0        0x8 c:/st/stm32cubeide_1.5.1/stm32cubeide/plugins/com.st.stm32cube.ide.mcu.externaltools.gnu-tools-for-stm32.9-2020-q2-update.win32_1.5.0.202011040924/tools/bin/../lib/gcc/arm-none-eabi/9.3.1/thumb/v7e-m+fp/hard/crtn.o
 *(.fini)
 .fini          0x000000000800b4f8        0x4 c:/st/stm32cubeide_1.5.1/stm32cubeide/plugins/com.st.stm32cube.ide.mcu.externaltools.gnu-tools-for-stm32.9-2020-q2-update.win32_1.5.0.202011040924/tools/bin/../lib/gcc/arm-none-eabi/9.3.1/thumb/v7e-m+fp/hard/crti.o
                0x000000000800b4f8                _fini
 .fini          0x000000000800b4fc        0x8 c:/st/stm32cubeide_1.5.1/stm32cubeide/plugins/com.st.stm32cube.ide.mcu.externaltools.gnu-tools-for-stm32.9-2020-q2-update.win32_1.5.0.202011040924/tools/bin/../lib/gcc/arm-none-eabi/9.3.1/thumb/v7e-m+fp/hard/crtn.o
                0x000000000800b504                . = ALIGN (0x4)
                0x000000000800b504                _etext = .

.vfp11_veneer   0x000000000800b504        0x0
 .vfp11_veneer  0x000000000800b504        0x0 linker stubs

.v4_bx          0x000000000800b504        0x0
 .v4_bx         0x000000000800b504        0x0 linker stubs

.iplt           0x000000000800b504        0x0
 .iplt          0x000000000800b504        0x0 c:/st/stm32cubeide_1.5.1/stm32cubeide/plugins/com.st.stm32cube.ide.mcu.externaltools.gnu-tools-for-stm32.9-2020-q2-update.win32_1.5.0.202011040924/tools/bin/../lib/gcc/arm-none-eabi/9.3.1/thumb/v7e-m+fp/hard/crtbegin.o

.rodata         0x000000000800b504      0x2f8
                0x000000000800b504                . = ALIGN (0x4)
 *(.rodata)
 .rodata        0x000000000800b504       0x5e Core/Src/main.o
 *fill*         0x000000000800b562        0x2 
 .rodata        0x000000000800b564       0xe6 Core/Src/morse.o
 *fill*         0x000000000800b64a        0x2 
 .rodata        0x000000000800b64c        0x5 Middlewares/Third_Party/FreeRTOS/Source/tasks.o
 *fill*         0x000000000800b651        0x3 
 .rodata        0x000000000800b654        0xd Middlewares/Third_Party/FreeRTOS/Source/timers.o
 *fill*         0x000000000800b661        0x3 
 .rodata        0x000000000800b664       0x46 USB_DEVICE/App/usbd_desc.o
 *(.rodata*)
 *fill*         0x000000000800b6aa        0x2 
 .rodata.task_1_attributes
                0x000000000800b6ac       0x24 Core/Src/main.o
                0x000000000800b6ac                task_1_attributes
 .rodata.task_2_attributes
                0x000000000800b6d0       0x24 Core/Src/main.o
                0x000000000800b6d0                task_2_attributes
 .rodata.task_3_attributes
                0x000000000800b6f4       0x24 Core/Src/main.o
                0x000000000800b6f4                task_3_attributes
 .rodata.task_4_attributes
                0x000000000800b718       0x24 Core/Src/main.o
                0x000000000800b718                task_4_attributes
 .rodata.uartrx_attributes
                0x000000000800b73c       0x24 Core/Src/main.o
                0x000000000800b73c                uartrx_attributes
 .rodata.queue_1_attributes
                0x000000000800b760       0x18 Core/Src/main.o
                0x000000000800b760                queue_1_attributes
 .rodata.queue_2_1_attributes
                0x000000000800b778       0x18 Core/Src/main.o
                0x000000000800b778                queue_2_1_attributes
 .rodata.queue_2_2_attributes
                0x000000000800b790       0x18 Core/Src/main.o
                0x000000000800b790                queue_2_2_attributes
 .rodata.GPIO_PIN
                0x000000000800b7a8        0x8 Core/Src/stm32f4211e_discovery.o
                0x000000000800b7a8                GPIO_PIN
 .rodata.AHBPrescTable
                0x000000000800b7b0       0x10 Core/Src/system_stm32f4xx.o
                0x000000000800b7b0                AHBPrescTable
 .rodata.APBPrescTable
                0x000000000800b7c0        0x8 Core/Src/system_stm32f4xx.o
                0x000000000800b7c0                APBPrescTable
 .rodata._svfprintf_r.str1.1
                0x000000000800b7c8       0x11 c:/st/stm32cubeide_1.5.1/stm32cubeide/plugins/com.st.stm32cube.ide.mcu.externaltools.gnu-tools-for-stm32.9-2020-q2-update.win32_1.5.0.202011040924/tools/bin/../lib/gcc/arm-none-eabi/9.3.1/../../../../arm-none-eabi/lib/thumb/v7e-m+fp/hard\libc_nano.a(lib_a-nano-svfprintf.o)
 .rodata._printf_i.str1.1
                0x000000000800b7d9       0x22 c:/st/stm32cubeide_1.5.1/stm32cubeide/plugins/com.st.stm32cube.ide.mcu.externaltools.gnu-tools-for-stm32.9-2020-q2-update.win32_1.5.0.202011040924/tools/bin/../lib/gcc/arm-none-eabi/9.3.1/../../../../arm-none-eabi/lib/thumb/v7e-m+fp/hard\libc_nano.a(lib_a-nano-vfprintf_i.o)
                0x000000000800b7fc                . = ALIGN (0x4)
 *fill*         0x000000000800b7fb        0x1 

.ARM.extab      0x000000000800b7fc        0x0
                0x000000000800b7fc                . = ALIGN (0x4)
 *(.ARM.extab* .gnu.linkonce.armextab.*)
                0x000000000800b7fc                . = ALIGN (0x4)

.ARM            0x000000000800b7fc        0x8
                0x000000000800b7fc                . = ALIGN (0x4)
                0x000000000800b7fc                __exidx_start = .
 *(.ARM.exidx*)
 .ARM.exidx     0x000000000800b7fc        0x8 c:/st/stm32cubeide_1.5.1/stm32cubeide/plugins/com.st.stm32cube.ide.mcu.externaltools.gnu-tools-for-stm32.9-2020-q2-update.win32_1.5.0.202011040924/tools/bin/../lib/gcc/arm-none-eabi/9.3.1/thumb/v7e-m+fp/hard\libgcc.a(_udivmoddi4.o)
                0x000000000800b804                __exidx_end = .
                0x000000000800b804                . = ALIGN (0x4)

.rel.dyn        0x000000000800b804        0x0
 .rel.iplt      0x000000000800b804        0x0 c:/st/stm32cubeide_1.5.1/stm32cubeide/plugins/com.st.stm32cube.ide.mcu.externaltools.gnu-tools-for-stm32.9-2020-q2-update.win32_1.5.0.202011040924/tools/bin/../lib/gcc/arm-none-eabi/9.3.1/thumb/v7e-m+fp/hard/crtbegin.o

.preinit_array  0x000000000800b804        0x0
                0x000000000800b804                . = ALIGN (0x4)
                0x000000000800b804                PROVIDE (__preinit_array_start = .)
 *(.preinit_array*)
                0x000000000800b804                PROVIDE (__preinit_array_end = .)
                0x000000000800b804                . = ALIGN (0x4)

.init_array     0x000000000800b804        0x4
                0x000000000800b804                . = ALIGN (0x4)
                0x000000000800b804                PROVIDE (__init_array_start = .)
 *(SORT_BY_NAME(.init_array.*))
 *(.init_array*)
 .init_array    0x000000000800b804        0x4 c:/st/stm32cubeide_1.5.1/stm32cubeide/plugins/com.st.stm32cube.ide.mcu.externaltools.gnu-tools-for-stm32.9-2020-q2-update.win32_1.5.0.202011040924/tools/bin/../lib/gcc/arm-none-eabi/9.3.1/thumb/v7e-m+fp/hard/crtbegin.o
                0x000000000800b808                PROVIDE (__init_array_end = .)
                0x000000000800b808                . = ALIGN (0x4)

.fini_array     0x000000000800b808        0x4
                0x000000000800b808                . = ALIGN (0x4)
                [!provide]                        PROVIDE (__fini_array_start = .)
 *(SORT_BY_NAME(.fini_array.*))
 *(.fini_array*)
 .fini_array    0x000000000800b808        0x4 c:/st/stm32cubeide_1.5.1/stm32cubeide/plugins/com.st.stm32cube.ide.mcu.externaltools.gnu-tools-for-stm32.9-2020-q2-update.win32_1.5.0.202011040924/tools/bin/../lib/gcc/arm-none-eabi/9.3.1/thumb/v7e-m+fp/hard/crtbegin.o
                [!provide]                        PROVIDE (__fini_array_end = .)
                0x000000000800b80c                . = ALIGN (0x4)
                0x000000000800b80c                _sidata = LOADADDR (.data)

.data           0x0000000020000000      0x28c load address 0x000000000800b80c
                0x0000000020000000                . = ALIGN (0x4)
                0x0000000020000000                _sdata = .
 *(.data)
 *(.data*)
 .data.letters  0x0000000020000000       0x68 Core/Src/morse.o
                0x0000000020000000                letters
 .data.numbers  0x0000000020000068       0x28 Core/Src/morse.o
                0x0000000020000068                numbers
 .data.dot_duration
                0x0000000020000090        0x4 Core/Src/morse.o
                0x0000000020000090                dot_duration
 .data.GPIO_PORT
                0x0000000020000094       0x10 Core/Src/stm32f4211e_discovery.o
                0x0000000020000094                GPIO_PORT
 .data.SystemCoreClock
                0x00000000200000a4        0x4 Core/Src/system_stm32f4xx.o
                0x00000000200000a4                SystemCoreClock
 .data.uwTickPrio
                0x00000000200000a8        0x4 Drivers/STM32F4xx_HAL_Driver/Src/stm32f4xx_hal.o
                0x00000000200000a8                uwTickPrio
 .data.uwTickFreq
                0x00000000200000ac        0x1 Drivers/STM32F4xx_HAL_Driver/Src/stm32f4xx_hal.o
                0x00000000200000ac                uwTickFreq
 *fill*         0x00000000200000ad        0x3 
 .data.USBD_CDC_DeviceQualifierDesc
                0x00000000200000b0        0xa Middlewares/ST/STM32_USB_Device_Library/Class/CDC/Src/usbd_cdc.o
 *fill*         0x00000000200000ba        0x2 
 .data.USBD_CDC
                0x00000000200000bc       0x38 Middlewares/ST/STM32_USB_Device_Library/Class/CDC/Src/usbd_cdc.o
                0x00000000200000bc                USBD_CDC
 .data.USBD_CDC_CfgHSDesc
                0x00000000200000f4       0x43 Middlewares/ST/STM32_USB_Device_Library/Class/CDC/Src/usbd_cdc.o
 *fill*         0x0000000020000137        0x1 
 .data.USBD_CDC_CfgFSDesc
                0x0000000020000138       0x43 Middlewares/ST/STM32_USB_Device_Library/Class/CDC/Src/usbd_cdc.o
 *fill*         0x000000002000017b        0x1 
 .data.USBD_CDC_OtherSpeedCfgDesc
                0x000000002000017c       0x43 Middlewares/ST/STM32_USB_Device_Library/Class/CDC/Src/usbd_cdc.o
 *fill*         0x00000000200001bf        0x1 
 .data.uxCriticalNesting
                0x00000000200001c0        0x4 Middlewares/Third_Party/FreeRTOS/Source/portable/GCC/ARM_CM4F/port.o
 .data.USBD_Interface_fops_FS
                0x00000000200001c4       0x14 USB_DEVICE/App/usbd_cdc_if.o
                0x00000000200001c4                USBD_Interface_fops_FS
 .data.FS_Desc  0x00000000200001d8       0x1c USB_DEVICE/App/usbd_desc.o
                0x00000000200001d8                FS_Desc
 .data.USBD_FS_DeviceDesc
                0x00000000200001f4       0x12 USB_DEVICE/App/usbd_desc.o
                0x00000000200001f4                USBD_FS_DeviceDesc
 *fill*         0x0000000020000206        0x2 
 .data.USBD_LangIDDesc
                0x0000000020000208        0x4 USB_DEVICE/App/usbd_desc.o
                0x0000000020000208                USBD_LangIDDesc
 .data.USBD_StringSerial
                0x000000002000020c       0x1a USB_DEVICE/App/usbd_desc.o
                0x000000002000020c                USBD_StringSerial
 *fill*         0x0000000020000226        0x2 
 .data._impure_ptr
                0x0000000020000228        0x4 c:/st/stm32cubeide_1.5.1/stm32cubeide/plugins/com.st.stm32cube.ide.mcu.externaltools.gnu-tools-for-stm32.9-2020-q2-update.win32_1.5.0.202011040924/tools/bin/../lib/gcc/arm-none-eabi/9.3.1/../../../../arm-none-eabi/lib/thumb/v7e-m+fp/hard\libc_nano.a(lib_a-impure.o)
                0x0000000020000228                _impure_ptr
 .data.impure_data
                0x000000002000022c       0x60 c:/st/stm32cubeide_1.5.1/stm32cubeide/plugins/com.st.stm32cube.ide.mcu.externaltools.gnu-tools-for-stm32.9-2020-q2-update.win32_1.5.0.202011040924/tools/bin/../lib/gcc/arm-none-eabi/9.3.1/../../../../arm-none-eabi/lib/thumb/v7e-m+fp/hard\libc_nano.a(lib_a-impure.o)
 *(.RamFunc)
 *(.RamFunc*)
                0x000000002000028c                . = ALIGN (0x4)
                0x000000002000028c                _edata = .

.igot.plt       0x000000002000028c        0x0 load address 0x000000000800ba98
 .igot.plt      0x000000002000028c        0x0 c:/st/stm32cubeide_1.5.1/stm32cubeide/plugins/com.st.stm32cube.ide.mcu.externaltools.gnu-tools-for-stm32.9-2020-q2-update.win32_1.5.0.202011040924/tools/bin/../lib/gcc/arm-none-eabi/9.3.1/thumb/v7e-m+fp/hard/crtbegin.o
                0x000000002000028c                . = ALIGN (0x4)

.bss            0x000000002000028c     0x6540 load address 0x000000000800ba98
                0x000000002000028c                _sbss = .
                0x000000002000028c                __bss_start__ = _sbss
 *(.bss)
 .bss           0x000000002000028c       0x1c c:/st/stm32cubeide_1.5.1/stm32cubeide/plugins/com.st.stm32cube.ide.mcu.externaltools.gnu-tools-for-stm32.9-2020-q2-update.win32_1.5.0.202011040924/tools/bin/../lib/gcc/arm-none-eabi/9.3.1/thumb/v7e-m+fp/hard/crtbegin.o
 *(.bss*)
 .bss.done      0x00000000200002a8        0x1 Core/Src/main.o
                0x00000000200002a8                done
 *fill*         0x00000000200002a9        0x3 
 .bss.__sbrk_heap_end
                0x00000000200002ac        0x4 Core/Src/sysmem.o
 .bss.cfgidx.10441
                0x00000000200002b0        0x1 Middlewares/ST/STM32_USB_Device_Library/Core/Src/usbd_ctlreq.o
 *fill*         0x00000000200002b1        0x3 
 .bss.KernelState
                0x00000000200002b4        0x4 Middlewares/Third_Party/FreeRTOS/Source/CMSIS_RTOS_V2/cmsis_os2.o
 .bss.Idle_TCB.10302
                0x00000000200002b8       0x5c Middlewares/Third_Party/FreeRTOS/Source/CMSIS_RTOS_V2/cmsis_os2.o
 .bss.Idle_Stack.10303
                0x0000000020000314      0x200 Middlewares/Third_Party/FreeRTOS/Source/CMSIS_RTOS_V2/cmsis_os2.o
 .bss.Timer_TCB.10309
                0x0000000020000514       0x5c Middlewares/Third_Party/FreeRTOS/Source/CMSIS_RTOS_V2/cmsis_os2.o
 .bss.Timer_Stack.10310
                0x0000000020000570      0x400 Middlewares/Third_Party/FreeRTOS/Source/CMSIS_RTOS_V2/cmsis_os2.o
 .bss.pxCurrentTCB
                0x0000000020000970        0x4 Middlewares/Third_Party/FreeRTOS/Source/tasks.o
                0x0000000020000970                pxCurrentTCB
 .bss.pxReadyTasksLists
                0x0000000020000974      0x460 Middlewares/Third_Party/FreeRTOS/Source/tasks.o
 .bss.xDelayedTaskList1
                0x0000000020000dd4       0x14 Middlewares/Third_Party/FreeRTOS/Source/tasks.o
 .bss.xDelayedTaskList2
                0x0000000020000de8       0x14 Middlewares/Third_Party/FreeRTOS/Source/tasks.o
 .bss.pxDelayedTaskList
                0x0000000020000dfc        0x4 Middlewares/Third_Party/FreeRTOS/Source/tasks.o
 .bss.pxOverflowDelayedTaskList
                0x0000000020000e00        0x4 Middlewares/Third_Party/FreeRTOS/Source/tasks.o
 .bss.xPendingReadyList
                0x0000000020000e04       0x14 Middlewares/Third_Party/FreeRTOS/Source/tasks.o
 .bss.xTasksWaitingTermination
                0x0000000020000e18       0x14 Middlewares/Third_Party/FreeRTOS/Source/tasks.o
 .bss.uxDeletedTasksWaitingCleanUp
                0x0000000020000e2c        0x4 Middlewares/Third_Party/FreeRTOS/Source/tasks.o
 .bss.xSuspendedTaskList
                0x0000000020000e30       0x14 Middlewares/Third_Party/FreeRTOS/Source/tasks.o
 .bss.uxCurrentNumberOfTasks
                0x0000000020000e44        0x4 Middlewares/Third_Party/FreeRTOS/Source/tasks.o
 .bss.xTickCount
                0x0000000020000e48        0x4 Middlewares/Third_Party/FreeRTOS/Source/tasks.o
 .bss.uxTopReadyPriority
                0x0000000020000e4c        0x4 Middlewares/Third_Party/FreeRTOS/Source/tasks.o
 .bss.xSchedulerRunning
                0x0000000020000e50        0x4 Middlewares/Third_Party/FreeRTOS/Source/tasks.o
 .bss.xPendedTicks
                0x0000000020000e54        0x4 Middlewares/Third_Party/FreeRTOS/Source/tasks.o
 .bss.xYieldPending
                0x0000000020000e58        0x4 Middlewares/Third_Party/FreeRTOS/Source/tasks.o
 .bss.xNumOfOverflows
                0x0000000020000e5c        0x4 Middlewares/Third_Party/FreeRTOS/Source/tasks.o
 .bss.uxTaskNumber
                0x0000000020000e60        0x4 Middlewares/Third_Party/FreeRTOS/Source/tasks.o
 .bss.xNextTaskUnblockTime
                0x0000000020000e64        0x4 Middlewares/Third_Party/FreeRTOS/Source/tasks.o
 .bss.xIdleTaskHandle
                0x0000000020000e68        0x4 Middlewares/Third_Party/FreeRTOS/Source/tasks.o
 .bss.uxSchedulerSuspended
                0x0000000020000e6c        0x4 Middlewares/Third_Party/FreeRTOS/Source/tasks.o
 .bss.xActiveTimerList1
                0x0000000020000e70       0x14 Middlewares/Third_Party/FreeRTOS/Source/timers.o
 .bss.xActiveTimerList2
                0x0000000020000e84       0x14 Middlewares/Third_Party/FreeRTOS/Source/timers.o
 .bss.pxCurrentTimerList
                0x0000000020000e98        0x4 Middlewares/Third_Party/FreeRTOS/Source/timers.o
 .bss.pxOverflowTimerList
                0x0000000020000e9c        0x4 Middlewares/Third_Party/FreeRTOS/Source/timers.o
 .bss.xTimerQueue
                0x0000000020000ea0        0x4 Middlewares/Third_Party/FreeRTOS/Source/timers.o
 .bss.xTimerTaskHandle
                0x0000000020000ea4        0x4 Middlewares/Third_Party/FreeRTOS/Source/timers.o
 .bss.xLastTime.6925
                0x0000000020000ea8        0x4 Middlewares/Third_Party/FreeRTOS/Source/timers.o
 .bss.ucStaticTimerQueueStorage.6976
                0x0000000020000eac       0xa0 Middlewares/Third_Party/FreeRTOS/Source/timers.o
 .bss.xStaticTimerQueue.6975
                0x0000000020000f4c       0x50 Middlewares/Third_Party/FreeRTOS/Source/timers.o
 .bss.ucMaxSysCallPriority
                0x0000000020000f9c        0x1 Middlewares/Third_Party/FreeRTOS/Source/portable/GCC/ARM_CM4F/port.o
 *fill*         0x0000000020000f9d        0x3 
 .bss.ulMaxPRIGROUPValue
                0x0000000020000fa0        0x4 Middlewares/Third_Party/FreeRTOS/Source/portable/GCC/ARM_CM4F/port.o
 .bss.ucHeap    0x0000000020000fa4     0x3c00 Middlewares/Third_Party/FreeRTOS/Source/portable/MemMang/heap_4.o
 .bss.xStart    0x0000000020004ba4        0x8 Middlewares/Third_Party/FreeRTOS/Source/portable/MemMang/heap_4.o
 .bss.pxEnd     0x0000000020004bac        0x4 Middlewares/Third_Party/FreeRTOS/Source/portable/MemMang/heap_4.o
 .bss.xFreeBytesRemaining
                0x0000000020004bb0        0x4 Middlewares/Third_Party/FreeRTOS/Source/portable/MemMang/heap_4.o
 .bss.xMinimumEverFreeBytesRemaining
                0x0000000020004bb4        0x4 Middlewares/Third_Party/FreeRTOS/Source/portable/MemMang/heap_4.o
 .bss.xNumberOfSuccessfulAllocations
                0x0000000020004bb8        0x4 Middlewares/Third_Party/FreeRTOS/Source/portable/MemMang/heap_4.o
 .bss.xNumberOfSuccessfulFrees
                0x0000000020004bbc        0x4 Middlewares/Third_Party/FreeRTOS/Source/portable/MemMang/heap_4.o
 .bss.xBlockAllocatedBit
                0x0000000020004bc0        0x4 Middlewares/Third_Party/FreeRTOS/Source/portable/MemMang/heap_4.o
 .bss.mem.10510
                0x0000000020004bc4      0x220 USB_DEVICE/Target/usbd_conf.o
 .bss.__malloc_free_list
                0x0000000020004de4        0x4 c:/st/stm32cubeide_1.5.1/stm32cubeide/plugins/com.st.stm32cube.ide.mcu.externaltools.gnu-tools-for-stm32.9-2020-q2-update.win32_1.5.0.202011040924/tools/bin/../lib/gcc/arm-none-eabi/9.3.1/../../../../arm-none-eabi/lib/thumb/v7e-m+fp/hard\libc_nano.a(lib_a-nano-mallocr.o)
                0x0000000020004de4                __malloc_free_list
 .bss.__malloc_sbrk_start
                0x0000000020004de8        0x4 c:/st/stm32cubeide_1.5.1/stm32cubeide/plugins/com.st.stm32cube.ide.mcu.externaltools.gnu-tools-for-stm32.9-2020-q2-update.win32_1.5.0.202011040924/tools/bin/../lib/gcc/arm-none-eabi/9.3.1/../../../../arm-none-eabi/lib/thumb/v7e-m+fp/hard\libc_nano.a(lib_a-nano-mallocr.o)
                0x0000000020004de8                __malloc_sbrk_start
 *(COMMON)
 COMMON         0x0000000020004dec       0x6c Core/Src/main.o
                0x0000000020004dec                queue_1Handle
                0x0000000020004df0                uartRxHandle
                0x0000000020004df4                task_3Handle
                0x0000000020004df8                queue_2_2Handle
                0x0000000020004dfc                queue_2_1Handle
                0x0000000020004e00                task_1Handle
                0x0000000020004e04                huart1