stm32f4211e_discovery.c:111:10:BSP_GetVersion	4	static
stm32f4211e_discovery.c:126:6:BSP_LED_Init	56	static
stm32f4211e_discovery.c:154:6:BSP_LED_On	16	static
stm32f4211e_discovery.c:169:6:BSP_LED_Off	16	static
stm32f4211e_discovery.c:184:6:BSP_LED_Toggle	16	static
stm32f4211e_discovery.c:200:6:BSP_PB_Init	40	static
stm32f4211e_discovery.c:237:10:BSP_PB_GetState	16	static
stm32f4211e_discovery.c:253:6:GYRO_IO_Init	40	static
stm32f4211e_discovery.c:287:6:GYRO_IO_Write	16	static
stm32f4211e_discovery.c:322:6:GYRO_IO_Read	16	static
stm32f4211e_discovery.c:359:6:AUDIO_IO_Init	32	static
stm32f4211e_discovery.c:393:6:AUDIO_IO_DeInit	4	static
stm32f4211e_discovery.c:405:6:AUDIO_IO_Write	16	static
stm32f4211e_discovery.c:416:9:AUDIO_IO_Read	16	static
stm32f4211e_discovery.c:428:6:COMPASSACCELERO_IO_Init	32	static
stm32f4211e_discovery.c:450:6:COMPASSACCELERO_IO_ITConfig	32	static
stm32f4211e_discovery.c:476:6:COMPASSACCELERO_IO_Write	16	static
stm32f4211e_discovery.c:488:9:COMPASSACCELERO_IO_Read	16	static
